
> frontend@0.0.0 build
> vite build

vite v8.1.5 building client environment for production...
[2Ktransforming...✓ 5004 modules transformed.
rendering chunks...
✗ Build failed in 748ms
error during build:
Build failed with 23 errors:

[31m[MISSING_EXPORT] [0m"CyberOSOverview" is not exported by "src/features/cyberOS/types/index.ts".
   [38;5;246m╭[0m[38;5;246m─[0m[38;5;246m[[0m src/features/cyberOS/api/cyberOsApi.ts:2:10 [38;5;246m][0m
   [38;5;246m│[0m
 [38;5;246m2 │[0m [38;5;249mi[0m[38;5;249mm[0m[38;5;249mp[0m[38;5;249mo[0m[38;5;249mr[0m[38;5;249mt[0m[38;5;249m [0m[38;5;249m{[0m[38;5;249m [0mCyberOSOverview[38;5;249m,[0m[38;5;249m [0m[38;5;249mP[0m[38;5;249ml[0m[38;5;249ma[0m[38;5;249mt[0m[38;5;249mf[0m[38;5;249mo[0m[38;5;249mr[0m[38;5;249mm[0m[38;5;249mR[0m[38;5;249me[0m[38;5;249mg[0m[38;5;249mi[0m[38;5;249ms[0m[38;5;249mt[0m[38;5;249mr[0m[38;5;249my[0m[38;5;249mE[0m[38;5;249mn[0m[38;5;249mt[0m[38;5;249mr[0m[38;5;249my[0m[38;5;249m,[0m[38;5;249m [0m[38;5;249mU[0m[38;5;249mn[0m[38;5;249mi[0m[38;5;249mf[0m[38;5;249mi[0m[38;5;249me[0m[38;5;249md[0m[38;5;249mO[0m[38;5;249mb[0m[38;5;249ms[0m[38;5;249me[0m[38;5;249mr[0m[38;5;249mv[0m[38;5;249ma[0m[38;5;249mb[0m[38;5;249mi[0m[38;5;249ml[0m[38;5;249mi[0m[38;5;249mt[0m[38;5;249my[0m[38;5;249mM[0m[38;5;249me[0m[38;5;249mt[0m[38;5;249mr[0m[38;5;249mi[0m[38;5;249mc[0m[38;5;249m [0m[38;5;249m}[0m[38;5;249m [0m[38;5;249mf[0m[38;5;249mr[0m[38;5;249mo[0m[38;5;249mm[0m[38;5;249m [0m[38;5;249m"[0m[38;5;249m.[0m[38;5;249m.[0m[38;5;249m/[0m[38;5;249mt[0m[38;5;249my[0m[38;5;249mp[0m[38;5;249me[0m[38;5;249ms[0m[38;5;249m"[0m[38;5;249m;[0m
 [38;5;240m  │[0m          ───────┬───────  
 [38;5;240m  │[0m                 ╰───────── Missing export
[38;5;246m───╯[0m

[31m[MISSING_EXPORT] [0m"PlatformRegistryEntry" is not exported by "src/features/cyberOS/types/index.ts".
   [38;5;246m╭[0m[38;5;246m─[0m[38;5;246m[[0m src/features/cyberOS/api/cyberOsApi.ts:2:27 [38;5;246m][0m
   [38;5;246m│[0m
 [38;5;246m2 │[0m [38;5;249mi[0m[38;5;249mm[0m[38;5;249mp[0m[38;5;249mo[0m[38;5;249mr[0m[38;5;249mt[0m[38;5;249m [0m[38;5;249m{[0m[38;5;249m [0m[38;5;249mC[0m[38;5;249my[0m[38;5;249mb[0m[38;5;249me[0m[38;5;249mr[0m[38;5;249mO[0m[38;5;249mS[0m[38;5;249mO[0m[38;5;249mv[0m[38;5;249me[0m[38;5;249mr[0m[38;5;249mv[0m[38;5;249mi[0m[38;5;249me[0m[38;5;249mw[0m[38;5;249m,[0m[38;5;249m [0mPlatformRegistryEntry[38;5;249m,[0m[38;5;249m [0m[38;5;249mU[0m[38;5;249mn[0m[38;5;249mi[0m[38;5;249mf[0m[38;5;249mi[0m[38;5;249me[0m[38;5;249md[0m[38;5;249mO[0m[38;5;249mb[0m[38;5;249ms[0m[38;5;249me[0m[38;5;249mr[0m[38;5;249mv[0m[38;5;249ma[0m[38;5;249mb[0m[38;5;249mi[0m[38;5;249ml[0m[38;5;249mi[0m[38;5;249mt[0m[38;5;249my[0m[38;5;249mM[0m[38;5;249me[0m[38;5;249mt[0m[38;5;249mr[0m[38;5;249mi[0m[38;5;249mc[0m[38;5;249m [0m[38;5;249m}[0m[38;5;249m [0m[38;5;249mf[0m[38;5;249mr[0m[38;5;249mo[0m[38;5;249mm[0m[38;5;249m [0m[38;5;249m"[0m[38;5;249m.[0m[38;5;249m.[0m[38;5;249m/[0m[38;5;249mt[0m[38;5;249my[0m[38;5;249mp[0m[38;5;249me[0m[38;5;249ms[0m[38;5;249m"[0m[38;5;249m;[0m
 [38;5;240m  │[0m                           ──────────┬──────────  
 [38;5;240m  │[0m                                     ╰──────────── Missing export
[38;5;246m───╯[0m

[31m[MISSING_EXPORT] [0m"UnifiedObservabilityMetric" is not exported by "src/features/cyberOS/types/index.ts".
   [38;5;246m╭[0m[38;5;246m─[0m[38;5;246m[[0m src/features/cyberOS/api/cyberOsApi.ts:2:50 [38;5;246m][0m
   [38;5;246m│[0m
 [38;5;246m2 │[0m [38;5;249mi[0m[38;5;249mm[0m[38;5;249mp[0m[38;5;249mo[0m[38;5;249mr[0m[38;5;249mt[0m[38;5;249m [0m[38;5;249m{[0m[38;5;249m [0m[38;5;249mC[0m[38;5;249my[0m[38;5;249mb[0m[38;5;249me[0m[38;5;249mr[0m[38;5;249mO[0m[38;5;249mS[0m[38;5;249mO[0m[38;5;249mv[0m[38;5;249me[0m[38;5;249mr[0m[38;5;249mv[0m[38;5;249mi[0m[38;5;249me[0m[38;5;249mw[0m[38;5;249m,[0m[38;5;249m [0m[38;5;249mP[0m[38;5;249ml[0m[38;5;249ma[0m[38;5;249mt[0m[38;5;249mf[0m[38;5;249mo[0m[38;5;249mr[0m[38;5;249mm[0m[38;5;249mR[0m[38;5;249me[0m[38;5;249mg[0m[38;5;249mi[0m[38;5;249ms[0m[38;5;249mt[0m[38;5;249mr[0m[38;5;249my[0m[38;5;249mE[0m[38;5;249mn[0m[38;5;249mt[0m[38;5;249mr[0m[38;5;249my[0m[38;5;249m,[0m[38;5;249m [0mUnifiedObservabilityMetric[38;5;249m [0m[38;5;249m}[0m[38;5;249m [0m[38;5;249mf[0m[38;5;249mr[0m[38;5;249mo[0m[38;5;249mm[0m[38;5;249m [0m[38;5;249m"[0m[38;5;249m.[0m[38;5;249m.[0m[38;5;249m/[0m[38;5;249mt[0m[38;5;249my[0m[38;5;249mp[0m[38;5;249me[0m[38;5;249ms[0m[38;5;249m"[0m[38;5;249m;[0m
 [38;5;240m  │[0m                                                  ─────────────┬────────────  
 [38;5;240m  │[0m                                                               ╰────────────── Missing export
[38;5;246m───╯[0m

[31m[MISSING_EXPORT] [0m"DataFabricSummary" is not exported by "src/features/dataFabric/types/index.ts".
   [38;5;246m╭[0m[38;5;246m─[0m[38;5;246m[[0m src/features/dataFabric/components/SecurityDataFabricDashboard.tsx:3:10 [38;5;246m][0m
   [38;5;246m│[0m
 [38;5;246m3 │[0m [38;5;249mi[0m[38;5;249mm[0m[38;5;249mp[0m[38;5;249mo[0m[38;5;249mr[0m[38;5;249mt[0m[38;5;249m [0m[38;5;249m{[0m[38;5;249m [0mDataFabricSummary[38;5;249m [0m[38;5;249m}[0m[38;5;249m [0m[38;5;249mf[0m[38;5;249mr[0m[38;5;249mo[0m[38;5;249mm[0m[38;5;249m [0m[38;5;249m"[0m[38;5;249m.[0m[38;5;249m.[0m[38;5;249m/[0m[38;5;249mt[0m[38;5;249my[0m[38;5;249mp[0m[38;5;249me[0m[38;5;249ms[0m[38;5;249m"[0m[38;5;249m;[0m
 [38;5;240m  │[0m          ────────┬────────  
 [38;5;240m  │[0m                  ╰────────── Missing export
[38;5;246m───╯[0m

[31m[MISSING_EXPORT] [0m"DataFabricSummary" is not exported by "src/features/dataFabric/types/index.ts".
   [38;5;246m╭[0m[38;5;246m─[0m[38;5;246m[[0m src/features/dataFabric/api/dataFabricApi.ts:2:10 [38;5;246m][0m
   [38;5;246m│[0m
 [38;5;246m2 │[0m [38;5;249mi[0m[38;5;249mm[0m[38;5;249mp[0m[38;5;249mo[0m[38;5;249mr[0m[38;5;249mt[0m[38;5;249m [0m[38;5;249m{[0m[38;5;249m [0mDataFabricSummary[38;5;249m,[0m[38;5;249m [0m[38;5;249mM[0m[38;5;249me[0m[38;5;249mt[0m[38;5;249ma[0m[38;5;249md[0m[38;5;249ma[0m[38;5;249mt[0m[38;5;249ma[0m[38;5;249mN[0m[38;5;249mo[0m[38;5;249md[0m[38;5;249me[0m[38;5;249m,[0m[38;5;249m [0m[38;5;249mL[0m[38;5;249mi[0m[38;5;249mn[0m[38;5;249me[0m[38;5;249ma[0m[38;5;249mg[0m[38;5;249me[0m[38;5;249mE[0m[38;5;249md[0m[38;5;249mg[0m[38;5;249me[0m[38;5;249m,[0m[38;5;249m [0m[38;5;249mQ[0m[38;5;249mu[0m[38;5;249ma[0m[38;5;249ml[0m[38;5;249mi[0m[38;5;249mt[0m[38;5;249my[0m[38;5;249mM[0m[38;5;249me[0m[38;5;249mt[0m[38;5;249mr[0m[38;5;249mi[0m[38;5;249mc[0m[38;5;249m [0m[38;5;249m}[0m[38;5;249m [0m[38;5;249mf[0m[38;5;249mr[0m[38;5;249mo[0m[38;5;249mm[0m[38;5;249m [0m[38;5;249m"[0m[38;5;249m.[0m[38;5;249m.[0m[38;5;249m/[0m[38;5;249mt[0m[38;5;249my[0m[38;5;249mp[0m[38;5;249me[0m[38;5;249ms[0m[38;5;249m"[0m[38;5;249m;[0m
 [38;5;240m  │[0m          ────────┬────────  
 [38;5;240m  │[0m                  ╰────────── Missing export
[38;5;246m───╯[0m

...
    at aggregateBindingErrorsIntoJsError (file:///Users/umeshgupta/PhishScope%20AI/frontend/node_modules/rolldown/dist/shared/error-BHRSI0R7.mjs:48:18)
    at unwrapBindingResult (file:///Users/umeshgupta/PhishScope%20AI/frontend/node_modules/rolldown/dist/shared/error-BHRSI0R7.mjs:18:128)
    at #build (file:///Users/umeshgupta/PhishScope%20AI/frontend/node_modules/rolldown/dist/shared/rolldown-build-CtPvmZgJ.mjs:3276:34)
    at async buildEnvironment (file:///Users/umeshgupta/PhishScope%20AI/frontend/node_modules/vite/dist/node/chunks/node.js:33061:66)
    at async Object.build (file:///Users/umeshgupta/PhishScope%20AI/frontend/node_modules/vite/dist/node/chunks/node.js:33483:19)
    at async Object.buildApp (file:///Users/umeshgupta/PhishScope%20AI/frontend/node_modules/vite/dist/node/chunks/node.js:33480:153)
    at async CAC.<anonymous> (file:///Users/umeshgupta/PhishScope%20AI/frontend/node_modules/vite/dist/node/cli.js:776:3) {
  errors: [Getter/Setter]
}
