INFO:     Will watch for changes in these directories: ['/Users/umeshgupta/Downloads/PhishScope-AI-main/backend']
INFO:     Uvicorn running on http://0.0.0.0:8000 (Press CTRL+C to quit)
INFO:     Started reloader process [95539] using StatReload
Process SpawnProcess-1:
Traceback (most recent call last):
  File "/Users/umeshgupta/.pyenv/versions/3.11.9/lib/python3.11/multiprocessing/process.py", line 314, in _bootstrap
    self.run()
  File "/Users/umeshgupta/.pyenv/versions/3.11.9/lib/python3.11/multiprocessing/process.py", line 108, in run
    self._target(*self._args, **self._kwargs)
  File "/Users/umeshgupta/Downloads/PhishScope-AI-main/backend/.venv/lib/python3.11/site-packages/uvicorn/_subprocess.py", line 80, in subprocess_started
    target(sockets=sockets)
  File "/Users/umeshgupta/Downloads/PhishScope-AI-main/backend/.venv/lib/python3.11/site-packages/uvicorn/server.py", line 74, in run
    return asyncio_run(self.serve(sockets=sockets), loop_factory=self.config.get_loop_factory())
           ^^^^^^^^^^^^^^^^^^^^^^^^^^^^^^^^^^^^^^^^^^^^^^^^^^^^^^^^^^^^^^^^^^^^^^^^^^^^^^^^^^^^^
  File "/Users/umeshgupta/Downloads/PhishScope-AI-main/backend/.venv/lib/python3.11/site-packages/uvicorn/_compat.py", line 30, in asyncio_run
    return runner.run(main)
           ^^^^^^^^^^^^^^^^
  File "/Users/umeshgupta/.pyenv/versions/3.11.9/lib/python3.11/asyncio/runners.py", line 118, in run
    return self._loop.run_until_complete(task)
           ^^^^^^^^^^^^^^^^^^^^^^^^^^^^^^^^^^^
  File "/Users/umeshgupta/.pyenv/versions/3.11.9/lib/python3.11/asyncio/base_events.py", line 654, in run_until_complete
    return future.result()
           ^^^^^^^^^^^^^^^
  File "/Users/umeshgupta/Downloads/PhishScope-AI-main/backend/.venv/lib/python3.11/site-packages/uvicorn/server.py", line 78, in serve
    await self._serve(sockets)
  File "/Users/umeshgupta/Downloads/PhishScope-AI-main/backend/.venv/lib/python3.11/site-packages/uvicorn/server.py", line 85, in _serve
    config.load()
  File "/Users/umeshgupta/Downloads/PhishScope-AI-main/backend/.venv/lib/python3.11/site-packages/uvicorn/config.py", line 493, in load
    self.loaded_app = self.load_app()
                      ^^^^^^^^^^^^^^^
  File "/Users/umeshgupta/Downloads/PhishScope-AI-main/backend/.venv/lib/python3.11/site-packages/uvicorn/config.py", line 427, in load_app
    return import_from_string(self.app)
           ^^^^^^^^^^^^^^^^^^^^^^^^^^^^
  File "/Users/umeshgupta/Downloads/PhishScope-AI-main/backend/.venv/lib/python3.11/site-packages/uvicorn/importer.py", line 19, in import_from_string
    module = importlib.import_module(module_str)
             ^^^^^^^^^^^^^^^^^^^^^^^^^^^^^^^^^^^
  File "/Users/umeshgupta/.pyenv/versions/3.11.9/lib/python3.11/importlib/__init__.py", line 126, in import_module
    return _bootstrap._gcd_import(name[level:], package, level)
           ^^^^^^^^^^^^^^^^^^^^^^^^^^^^^^^^^^^^^^^^^^^^^^^^^^^^
  File "<frozen importlib._bootstrap>", line 1204, in _gcd_import
  File "<frozen importlib._bootstrap>", line 1176, in _find_and_load
  File "<frozen importlib._bootstrap>", line 1147, in _find_and_load_unlocked
  File "<frozen importlib._bootstrap>", line 690, in _load_unlocked
  File "<frozen importlib._bootstrap_external>", line 940, in exec_module
  File "<frozen importlib._bootstrap>", line 241, in _call_with_frames_removed
  File "/Users/umeshgupta/Downloads/PhishScope-AI-main/backend/app/main.py", line 2, in <module>
    from fastapi import FastAPI
  File "/Users/umeshgupta/Downloads/PhishScope-AI-main/backend/.venv/lib/python3.11/site-packages/fastapi/__init__.py", line 7, in <module>
    from .applications import FastAPI as FastAPI
  File "/Users/umeshgupta/Downloads/PhishScope-AI-main/backend/.venv/lib/python3.11/site-packages/fastapi/applications.py", line 7, in <module>
    from fastapi import routing
  File "/Users/umeshgupta/Downloads/PhishScope-AI-main/backend/.venv/lib/python3.11/site-packages/fastapi/routing.py", line 44, in <module>
    from fastapi import params
  File "/Users/umeshgupta/Downloads/PhishScope-AI-main/backend/.venv/lib/python3.11/site-packages/fastapi/params.py", line 7, in <module>
    from fastapi.exceptions import FastAPIDeprecationWarning
  File "/Users/umeshgupta/Downloads/PhishScope-AI-main/backend/.venv/lib/python3.11/site-packages/fastapi/exceptions.py", line 5, in <module>
    from pydantic import BaseModel, create_model
  File "/Users/umeshgupta/Downloads/PhishScope-AI-main/backend/.venv/lib/python3.11/site-packages/pydantic/__init__.py", line 5, in <module>
    from ._migration import getattr_migration
  File "/Users/umeshgupta/Downloads/PhishScope-AI-main/backend/.venv/lib/python3.11/site-packages/pydantic/_migration.py", line 4, in <module>
    from pydantic.warnings import PydanticDeprecatedSince20
  File "/Users/umeshgupta/Downloads/PhishScope-AI-main/backend/.venv/lib/python3.11/site-packages/pydantic/warnings.py", line 5, in <module>
    from .version import version_short
  File "/Users/umeshgupta/Downloads/PhishScope-AI-main/backend/.venv/lib/python3.11/site-packages/pydantic/version.py", line 7, in <module>
    from pydantic_core import __version__ as __pydantic_core_version__
  File "/Users/umeshgupta/Downloads/PhishScope-AI-main/backend/.venv/lib/python3.11/site-packages/pydantic_core/__init__.py", line 8, in <module>
    from ._pydantic_core import (
ImportError: dlopen(/Users/umeshgupta/Downloads/PhishScope-AI-main/backend/.venv/lib/python3.11/site-packages/pydantic_core/_pydantic_core.cpython-311-darwin.so, 0x0002): tried: '/Users/umeshgupta/Downloads/PhishScope-AI-main/backend/.venv/lib/python3.11/site-packages/pydantic_core/_pydantic_core.cpython-311-darwin.so' (code signature in <A9C7B357-D6FD-36EF-91B5-8A6F51DDBF57> '/Users/umeshgupta/Downloads/PhishScope-AI-main/backend/.venv/lib/python3.11/site-packages/pydantic_core/_pydantic_core.cpython-311-darwin.so' not valid for use in process: library load disallowed by system policy), '/System/Volumes/Preboot/Cryptexes/OS/Users/umeshgupta/Downloads/PhishScope-AI-main/backend/.venv/lib/python3.11/site-packages/pydantic_core/_pydantic_core.cpython-311-darwin.so' (no such file), '/Users/umeshgupta/Downloads/PhishScope-AI-main/backend/.venv/lib/python3.11/site-packages/pydantic_core/_pydantic_core.cpython-311-darwin.so' (code signature in <A9C7B357-D6FD-36EF-91B5-8A6F51DDBF57> '/Users/umeshgupta/Downloads/PhishScope-AI-main/backend/.venv/lib/python3.11/site-packages/pydantic_core/_pydantic_core.cpython-311-darwin.so' not valid for use in process: library load disallowed by system policy)
