[17:03:25] PHOENIX launcher started — v0.1.0
[17:03:25] Python OK: 3.11.9 (main, Apr 19 2026, 02:58:43) [Clang 21.0.0 (clang-2100.0.123.102)]
[17:03:25] OS: Darwin 25.5.0 arm64
[17:03:25] Node.js: v26.5.0
[17:03:25] pip install: SUCCESS
[17:03:26] npm install: SUCCESS
[17:03:26] Backend: PID 97226 → /Users/umeshgupta/Downloads/PhishScope-AI-main/logs/backend_2026-08-07_17-03.log
[17:03:26] Frontend: PID 97227 → /Users/umeshgupta/Downloads/PhishScope-AI-main/logs/frontend_2026-08-07_17-03.log
[17:17:04] Process PID 97226 died unexpectedly (code -9)
[17:17:09] Process PID 97226 died unexpectedly (code -9)
[17:17:14] Process PID 97226 died unexpectedly (code -9)
[17:17:19] Process PID 97226 died unexpectedly (code -9)
[17:17:24] Process PID 97226 died unexpectedly (code -9)
[17:17:29] Process PID 97226 died unexpectedly (code -9)
[17:17:34] Process PID 97226 died unexpectedly (code -9)
[17:17:39] Process PID 97226 died unexpectedly (code -9)
[17:17:44] Process PID 97226 died unexpectedly (code -9)
[17:17:49] Process PID 97226 died unexpectedly (code -9)
[17:17:54] Process PID 97226 died unexpectedly (code -9)
[17:17:59] Process PID 97226 died unexpectedly (code -9)
[17:18:04] Process PID 97226 died unexpectedly (code -9)
[17:18:09] Process PID 97226 died unexpectedly (code -9)
[17:18:14] Process PID 97226 died unexpectedly (code -9)
[17:18:19] Process PID 97226 died unexpectedly (code -9)
[17:18:24] Process PID 97226 died unexpectedly (code -9)
[17:18:29] Process PID 97226 died unexpectedly (code -9)
[17:18:34] Process PID 97226 died unexpectedly (code -9)
[17:18:39] Process PID 97226 died unexpectedly (code -9)
[17:18:44] Process PID 97226 died unexpectedly (code -9)
[17:18:49] Process PID 97226 died unexpectedly (code -9)
[17:18:54] Process PID 97226 died unexpectedly (code -9)
[17:18:59] Process PID 97226 died unexpectedly (code -9)
[17:19:04] Process PID 97226 died unexpectedly (code -9)
[17:19:09] Process PID 97226 died unexpectedly (code -9)
[17:19:14] Process PID 97226 died unexpectedly (code -9)
[17:19:19] Process PID 97226 died unexpectedly (code -9)
[17:19:24] Process PID 97226 died unexpectedly (code -9)
[17:19:29] Process PID 97226 died unexpectedly (code -9)
[17:19:34] Process PID 97226 died unexpectedly (code -9)
[17:19:39] Process PID 97226 died unexpectedly (code -9)
[17:19:44] Process PID 97226 died unexpectedly (code -9)
[17:19:49] Process PID 97226 died unexpectedly (code -9)
[17:19:54] Process PID 97226 died unexpectedly (code -9)
[17:19:59] Process PID 97226 died unexpectedly (code -9)
[17:20:04] Process PID 97226 died unexpectedly (code -9)
[17:20:09] Process PID 97226 died unexpectedly (code -9)
[17:20:14] Process PID 97226 died unexpectedly (code -9)
[17:20:19] Process PID 97226 died unexpectedly (code -9)
[17:20:24] Process PID 97226 died unexpectedly (code -9)
[17:20:29] Process PID 97226 died unexpectedly (code -9)
[17:20:34] Process PID 97226 died unexpectedly (code -9)
[17:20:39] Process PID 97226 died unexpectedly (code -9)
[17:20:44] Process PID 97226 died unexpectedly (code -9)
[17:20:49] Process PID 97226 died unexpectedly (code -9)
[17:20:54] Process PID 97226 died unexpectedly (code -9)
[17:20:59] Process PID 97226 died unexpectedly (code -9)
[17:21:04] Process PID 97226 died unexpectedly (code -9)
[17:21:09] Process PID 97226 died unexpectedly (code -9)
[17:21:14] Process PID 97226 died unexpectedly (code -9)
[17:21:19] Process PID 97226 died unexpectedly (code -9)
[17:21:24] Process PID 97226 died unexpectedly (code -9)
[17:21:29] Process PID 97226 died unexpectedly (code -9)
[17:21:34] Process PID 97226 died unexpectedly (code -9)
[17:21:39] Process PID 97226 died unexpectedly (code -9)
[17:21:44] Process PID 97226 died unexpectedly (code -9)
[17:21:49] Process PID 97226 died unexpectedly (code -9)
[17:21:54] Process PID 97226 died unexpectedly (code -9)
[17:21:59] Process PID 97226 died unexpectedly (code -9)
[17:22:04] Process PID 97226 died unexpectedly (code -9)
[17:22:09] Process PID 97226 died unexpectedly (code -9)
[17:22:14] Process PID 97226 died unexpectedly (code -9)
[17:22:19] Process PID 97226 died unexpectedly (code -9)
[17:22:24] Process PID 97226 died unexpectedly (code -9)
[17:22:29] Process PID 97226 died unexpectedly (code -9)
[17:22:34] Process PID 97226 died unexpectedly (code -9)
[17:22:39] Process PID 97226 died unexpectedly (code -9)
[17:22:44] Process PID 97226 died unexpectedly (code -9)
[17:22:49] Process PID 97226 died unexpectedly (code -9)
[17:22:54] Process PID 97226 died unexpectedly (code -9)
[17:22:59] Process PID 97226 died unexpectedly (code -9)
[17:23:04] Process PID 97226 died unexpectedly (code -9)
[17:23:09] Process PID 97226 died unexpectedly (code -9)
[17:23:14] Process PID 97226 died unexpectedly (code -9)
[17:23:19] Process PID 97226 died unexpectedly (code -9)
[17:23:24] Process PID 97226 died unexpectedly (code -9)
[17:23:29] Process PID 97226 died unexpectedly (code -9)
[17:23:34] Process PID 97226 died unexpectedly (code -9)
[17:23:39] Process PID 97226 died unexpectedly (code -9)
[17:23:44] Process PID 97226 died unexpectedly (code -9)
[17:23:49] Process PID 97226 died unexpectedly (code -9)
[17:23:54] Process PID 97226 died unexpectedly (code -9)
[17:23:59] Process PID 97226 died unexpectedly (code -9)
[17:24:04] Process PID 97226 died unexpectedly (code -9)
[17:24:09] Process PID 97226 died unexpectedly (code -9)
[17:24:14] Process PID 97226 died unexpectedly (code -9)
[17:24:19] Process PID 97226 died unexpectedly (code -9)
[17:24:24] Process PID 97226 died unexpectedly (code -9)
[17:24:29] Process PID 97226 died unexpectedly (code -9)
[17:24:34] Process PID 97226 died unexpectedly (code -9)
[17:24:39] Process PID 97226 died unexpectedly (code -9)
[17:24:44] Process PID 97226 died unexpectedly (code -9)
[17:24:49] Process PID 97226 died unexpectedly (code -9)
[17:24:54] Process PID 97226 died unexpectedly (code -9)
[17:24:59] Process PID 97226 died unexpectedly (code -9)
[17:25:04] Process PID 97226 died unexpectedly (code -9)
[17:25:09] Process PID 97226 died unexpectedly (code -9)
[17:25:14] Process PID 97226 died unexpectedly (code -9)
[17:25:19] Process PID 97226 died unexpectedly (code -9)
[17:25:24] Process PID 97226 died unexpectedly (code -9)
[17:25:29] Process PID 97226 died unexpectedly (code -9)
[17:25:34] Process PID 97226 died unexpectedly (code -9)
[17:25:39] Process PID 97226 died unexpectedly (code -9)
[17:25:44] Process PID 97226 died unexpectedly (code -9)
[17:25:49] Process PID 97226 died unexpectedly (code -9)
[17:25:54] Process PID 97226 died unexpectedly (code -9)
[17:26:00] Process PID 97226 died unexpectedly (code -9)
[17:26:05] Process PID 97226 died unexpectedly (code -9)
[17:26:10] Process PID 97226 died unexpectedly (code -9)
[17:26:15] Process PID 97226 died unexpectedly (code -9)
[17:26:20] Process PID 97226 died unexpectedly (code -9)
[17:26:25] Process PID 97226 died unexpectedly (code -9)
[17:26:30] Process PID 97226 died unexpectedly (code -9)
[17:26:35] Process PID 97226 died unexpectedly (code -9)
[17:26:40] Process PID 97226 died unexpectedly (code -9)
[17:26:45] Process PID 97226 died unexpectedly (code -9)
[17:26:50] Process PID 97226 died unexpectedly (code -9)
[17:26:55] Process PID 97226 died unexpectedly (code -9)
[17:27:00] Process PID 97226 died unexpectedly (code -9)
[17:27:05] Process PID 97226 died unexpectedly (code -9)
[17:27:10] Process PID 97226 died unexpectedly (code -9)
[17:27:15] Process PID 97226 died unexpectedly (code -9)
[17:27:20] Process PID 97226 died unexpectedly (code -9)
[17:27:25] Process PID 97226 died unexpectedly (code -9)
[17:27:30] Process PID 97226 died unexpectedly (code -9)
[17:27:35] Process PID 97226 died unexpectedly (code -9)
[17:27:40] Process PID 97226 died unexpectedly (code -9)
[17:27:45] Process PID 97226 died unexpectedly (code -9)
[17:27:50] Process PID 97226 died unexpectedly (code -9)
[17:27:55] Process PID 97226 died unexpectedly (code -9)
[17:28:00] Process PID 97226 died unexpectedly (code -9)
[17:28:05] Process PID 97226 died unexpectedly (code -9)
[17:28:10] Process PID 97226 died unexpectedly (code -9)
[17:28:15] Process PID 97226 died unexpectedly (code -9)
[17:28:20] Process PID 97226 died unexpectedly (code -9)
[17:28:25] Process PID 97226 died unexpectedly (code -9)
[17:28:30] Process PID 97226 died unexpectedly (code -9)
