[20:26:34] PHOENIX launcher started — v0.1.0
[20:26:34] Python OK: 3.11.9 (main, Apr 19 2026, 02:58:43) [Clang 21.0.0 (clang-2100.0.123.102)]
[20:26:34] OS: Darwin 25.5.0 arm64
[20:26:34] Node.js: v26.5.0
[20:26:35] pip install: SUCCESS
[20:26:37] npm install: SUCCESS
[20:26:37] Backend: PID 59877 → /Users/umeshgupta/PhishScope AI/PhishScope AI2.0/logs/backend_2026-08-05_20-26.log
[20:26:37] Frontend: PID 59878 → /Users/umeshgupta/PhishScope AI/PhishScope AI2.0/logs/frontend_2026-08-05_20-26.log
[20:26:37] Backend health: OK
[20:26:38] Process PID 59877 died unexpectedly (code 3)
[20:26:43] Process PID 59877 died unexpectedly (code 3)
[20:26:48] Process PID 59877 died unexpectedly (code 3)
[20:26:53] Process PID 59877 died unexpectedly (code 3)
[20:26:58] Process PID 59877 died unexpectedly (code 3)
[20:27:03] Process PID 59877 died unexpectedly (code 3)
[20:27:08] Process PID 59877 died unexpectedly (code 3)
[20:27:13] Process PID 59877 died unexpectedly (code 3)
[20:27:18] Process PID 59877 died unexpectedly (code 3)
[20:27:23] Process PID 59877 died unexpectedly (code 3)
[20:27:28] Process PID 59877 died unexpectedly (code 3)
[20:27:33] Process PID 59877 died unexpectedly (code 3)
[20:27:38] Process PID 59877 died unexpectedly (code 3)
[20:27:43] Process PID 59877 died unexpectedly (code 3)
[20:27:48] Process PID 59877 died unexpectedly (code 3)
[20:27:53] Process PID 59877 died unexpectedly (code 3)
[20:27:58] Process PID 59877 died unexpectedly (code 3)
[20:28:03] Process PID 59877 died unexpectedly (code 3)
[20:28:08] Process PID 59877 died unexpectedly (code 3)
[20:28:13] Process PID 59877 died unexpectedly (code 3)
[20:28:18] Process PID 59877 died unexpectedly (code 3)
[20:28:24] Process PID 59877 died unexpectedly (code 3)
[20:28:29] Process PID 59877 died unexpectedly (code 3)
[20:28:34] Process PID 59877 died unexpectedly (code 3)
[20:28:39] Process PID 59877 died unexpectedly (code 3)
[20:28:44] Process PID 59877 died unexpectedly (code 3)
[20:28:49] Process PID 59877 died unexpectedly (code 3)
[20:28:54] Process PID 59877 died unexpectedly (code 3)
[20:28:59] Process PID 59877 died unexpectedly (code 3)
[20:29:04] Process PID 59877 died unexpectedly (code 3)
[20:29:09] Process PID 59877 died unexpectedly (code 3)
[20:29:14] Process PID 59877 died unexpectedly (code 3)
[20:29:19] Process PID 59877 died unexpectedly (code 3)
[20:29:24] Process PID 59877 died unexpectedly (code 3)
[20:29:29] Process PID 59877 died unexpectedly (code 3)
[20:29:34] Process PID 59877 died unexpectedly (code 3)
[20:29:39] Process PID 59877 died unexpectedly (code 3)
[20:29:44] Process PID 59877 died unexpectedly (code 3)
[20:29:49] Process PID 59877 died unexpectedly (code 3)
[20:29:54] Process PID 59877 died unexpectedly (code 3)
[20:29:59] Process PID 59877 died unexpectedly (code 3)
[20:30:04] Process PID 59877 died unexpectedly (code 3)
[20:30:09] Process PID 59877 died unexpectedly (code 3)
[20:30:14] Process PID 59877 died unexpectedly (code 3)
[20:30:19] Process PID 59877 died unexpectedly (code 3)
[20:30:24] Process PID 59877 died unexpectedly (code 3)
[20:30:29] Process PID 59877 died unexpectedly (code 3)
[20:30:34] Process PID 59877 died unexpectedly (code 3)
[20:30:39] Process PID 59877 died unexpectedly (code 3)
[20:30:44] Process PID 59877 died unexpectedly (code 3)
[20:30:49] Process PID 59877 died unexpectedly (code 3)
[20:30:54] Process PID 59877 died unexpectedly (code 3)
[20:30:59] Process PID 59877 died unexpectedly (code 3)
[20:31:04] Process PID 59877 died unexpectedly (code 3)
[20:31:09] Process PID 59877 died unexpectedly (code 3)
[20:31:14] Process PID 59877 died unexpectedly (code 3)
[20:31:19] Process PID 59877 died unexpectedly (code 3)
[20:31:24] Process PID 59877 died unexpectedly (code 3)
[20:31:29] Process PID 59877 died unexpectedly (code 3)
[20:31:34] Process PID 59877 died unexpectedly (code 3)
[20:31:39] Process PID 59877 died unexpectedly (code 3)
[20:31:44] Process PID 59877 died unexpectedly (code 3)
[20:31:49] Process PID 59877 died unexpectedly (code 3)
[20:31:54] Process PID 59877 died unexpectedly (code 3)
[20:31:59] Process PID 59877 died unexpectedly (code 3)
[20:32:04] Process PID 59877 died unexpectedly (code 3)
[20:32:09] Process PID 59877 died unexpectedly (code 3)
[20:32:14] Process PID 59877 died unexpectedly (code 3)
[20:32:19] Process PID 59877 died unexpectedly (code 3)
[20:32:24] Process PID 59877 died unexpectedly (code 3)
[20:32:29] Process PID 59877 died unexpectedly (code 3)
[20:32:34] Process PID 59877 died unexpectedly (code 3)
[20:32:39] Process PID 59877 died unexpectedly (code 3)
[20:32:44] Process PID 59877 died unexpectedly (code 3)
[20:32:49] Process PID 59877 died unexpectedly (code 3)
[20:32:54] Process PID 59877 died unexpectedly (code 3)
[20:32:59] Process PID 59877 died unexpectedly (code 3)
[20:33:04] Process PID 59877 died unexpectedly (code 3)
[20:33:09] Process PID 59877 died unexpectedly (code 3)
[20:33:14] Process PID 59877 died unexpectedly (code 3)
[20:33:19] Process PID 59877 died unexpectedly (code 3)
[20:33:24] Process PID 59877 died unexpectedly (code 3)
[20:33:29] Process PID 59877 died unexpectedly (code 3)
[20:33:34] Process PID 59877 died unexpectedly (code 3)
[20:33:39] Process PID 59877 died unexpectedly (code 3)
[20:33:44] Process PID 59877 died unexpectedly (code 3)
[20:33:49] Process PID 59877 died unexpectedly (code 3)
[20:33:54] Process PID 59877 died unexpectedly (code 3)
[20:33:59] Process PID 59877 died unexpectedly (code 3)
[20:34:04] Process PID 59877 died unexpectedly (code 3)
[20:34:09] Process PID 59877 died unexpectedly (code 3)
[20:34:14] Process PID 59877 died unexpectedly (code 3)
[20:34:19] Process PID 59877 died unexpectedly (code 3)
[20:34:24] Process PID 59877 died unexpectedly (code 3)
[20:34:29] Process PID 59877 died unexpectedly (code 3)
[20:34:34] Process PID 59877 died unexpectedly (code 3)
[20:34:39] Process PID 59877 died unexpectedly (code 3)
[20:34:44] Process PID 59877 died unexpectedly (code 3)
[20:34:49] Process PID 59877 died unexpectedly (code 3)
[20:34:54] Process PID 59877 died unexpectedly (code 3)
[20:34:59] Process PID 59877 died unexpectedly (code 3)
[20:35:04] Process PID 59877 died unexpectedly (code 3)
[20:35:09] Process PID 59877 died unexpectedly (code 3)
[20:35:14] Process PID 59877 died unexpectedly (code 3)
[20:35:19] Process PID 59877 died unexpectedly (code 3)
[20:35:24] Process PID 59877 died unexpectedly (code 3)
[20:35:29] Process PID 59877 died unexpectedly (code 3)
[20:35:34] Process PID 59877 died unexpectedly (code 3)
[20:35:39] Process PID 59877 died unexpectedly (code 3)
[20:35:44] Process PID 59877 died unexpectedly (code 3)
[20:35:49] Process PID 59877 died unexpectedly (code 3)
[20:35:54] Process PID 59877 died unexpectedly (code 3)
[20:35:59] Process PID 59877 died unexpectedly (code 3)
[20:36:04] Process PID 59877 died unexpectedly (code 3)
[20:36:09] Process PID 59877 died unexpectedly (code 3)
[20:36:14] Process PID 59877 died unexpectedly (code 3)
[20:36:19] Process PID 59877 died unexpectedly (code 3)
[20:36:24] Process PID 59877 died unexpectedly (code 3)
[20:36:29] Process PID 59877 died unexpectedly (code 3)
[20:36:34] Process PID 59877 died unexpectedly (code 3)
[20:36:39] Process PID 59877 died unexpectedly (code 3)
[20:36:44] Process PID 59877 died unexpectedly (code 3)
[20:36:49] Process PID 59877 died unexpectedly (code 3)
[20:36:54] Process PID 59877 died unexpectedly (code 3)
[20:36:59] Process PID 59877 died unexpectedly (code 3)
[20:37:04] Process PID 59877 died unexpectedly (code 3)
[20:37:09] Process PID 59877 died unexpectedly (code 3)
[20:37:14] Process PID 59877 died unexpectedly (code 3)
[20:37:19] Process PID 59877 died unexpectedly (code 3)
[20:37:24] Process PID 59877 died unexpectedly (code 3)
[20:37:29] Process PID 59877 died unexpectedly (code 3)
[20:37:34] Process PID 59877 died unexpectedly (code 3)
[20:37:39] Process PID 59877 died unexpectedly (code 3)
[20:37:44] Process PID 59877 died unexpectedly (code 3)
[20:37:49] Process PID 59877 died unexpectedly (code 3)
[20:37:54] Process PID 59877 died unexpectedly (code 3)
[20:37:59] Process PID 59877 died unexpectedly (code 3)
[20:38:04] Process PID 59877 died unexpectedly (code 3)
[20:38:09] Process PID 59877 died unexpectedly (code 3)
[20:38:14] Process PID 59877 died unexpectedly (code 3)
[20:38:19] Process PID 59877 died unexpectedly (code 3)
[20:38:24] Process PID 59877 died unexpectedly (code 3)
[20:38:29] Process PID 59877 died unexpectedly (code 3)
[20:38:34] Process PID 59877 died unexpectedly (code 3)
[20:38:39] Process PID 59877 died unexpectedly (code 3)
[20:38:44] Process PID 59877 died unexpectedly (code 3)
[20:38:49] Process PID 59877 died unexpectedly (code 3)
[20:38:54] Process PID 59877 died unexpectedly (code 3)
[20:38:59] Process PID 59877 died unexpectedly (code 3)
[20:39:04] Process PID 59877 died unexpectedly (code 3)
[20:39:09] Process PID 59877 died unexpectedly (code 3)
[20:39:14] Process PID 59877 died unexpectedly (code 3)
[20:39:19] Process PID 59877 died unexpectedly (code 3)
[20:39:24] Process PID 59877 died unexpectedly (code 3)
[20:39:29] Process PID 59877 died unexpectedly (code 3)
[20:39:34] Process PID 59877 died unexpectedly (code 3)
[20:39:39] Process PID 59877 died unexpectedly (code 3)
[20:39:44] Process PID 59877 died unexpectedly (code 3)
[20:39:49] Process PID 59877 died unexpectedly (code 3)
[20:39:54] Process PID 59877 died unexpectedly (code 3)
[20:39:59] Process PID 59877 died unexpectedly (code 3)
[20:40:04] Process PID 59877 died unexpectedly (code 3)
[20:40:09] Process PID 59877 died unexpectedly (code 3)
[20:40:14] Process PID 59877 died unexpectedly (code 3)
[20:40:19] Process PID 59877 died unexpectedly (code 3)
[20:40:24] Process PID 59877 died unexpectedly (code 3)
[20:40:29] Process PID 59877 died unexpectedly (code 3)
[20:40:34] Process PID 59877 died unexpectedly (code 3)
[20:40:39] Process PID 59877 died unexpectedly (code 3)
[20:40:44] Process PID 59877 died unexpectedly (code 3)
[20:40:49] Process PID 59877 died unexpectedly (code 3)
[20:40:54] Process PID 59877 died unexpectedly (code 3)
[20:41:00] Process PID 59877 died unexpectedly (code 3)
[20:41:05] Process PID 59877 died unexpectedly (code 3)
[20:41:10] Process PID 59877 died unexpectedly (code 3)
[20:41:15] Process PID 59877 died unexpectedly (code 3)
[20:41:20] Process PID 59877 died unexpectedly (code 3)
[20:41:25] Process PID 59877 died unexpectedly (code 3)
[20:41:30] Process PID 59877 died unexpectedly (code 3)
[20:41:35] Process PID 59877 died unexpectedly (code 3)
[20:41:40] Process PID 59877 died unexpectedly (code 3)
[20:41:45] Process PID 59877 died unexpectedly (code 3)
[20:41:50] Process PID 59877 died unexpectedly (code 3)
[20:41:55] Process PID 59877 died unexpectedly (code 3)
[20:42:00] Process PID 59877 died unexpectedly (code 3)
[20:42:05] Process PID 59877 died unexpectedly (code 3)
[20:42:10] Process PID 59877 died unexpectedly (code 3)
[20:42:15] Process PID 59877 died unexpectedly (code 3)
[20:42:20] Process PID 59877 died unexpectedly (code 3)
[20:42:25] Process PID 59877 died unexpectedly (code 3)
[20:42:30] Process PID 59877 died unexpectedly (code 3)
[20:42:35] Process PID 59877 died unexpectedly (code 3)
[20:42:40] Process PID 59877 died unexpectedly (code 3)
[20:42:45] Process PID 59877 died unexpectedly (code 3)
[20:42:50] Process PID 59877 died unexpectedly (code 3)
[20:42:55] Process PID 59877 died unexpectedly (code 3)
[20:43:00] Process PID 59877 died unexpectedly (code 3)
[20:43:05] Process PID 59877 died unexpectedly (code 3)
[20:43:10] Process PID 59877 died unexpectedly (code 3)
[20:43:15] Process PID 59877 died unexpectedly (code 3)
[20:43:20] Process PID 59877 died unexpectedly (code 3)
[20:43:25] Process PID 59877 died unexpectedly (code 3)
[20:43:30] Process PID 59877 died unexpectedly (code 3)
[20:43:35] Process PID 59877 died unexpectedly (code 3)
[20:43:40] Process PID 59877 died unexpectedly (code 3)
[20:43:45] Process PID 59877 died unexpectedly (code 3)
[20:43:50] Process PID 59877 died unexpectedly (code 3)
[20:43:55] Process PID 59877 died unexpectedly (code 3)
[20:44:00] Process PID 59877 died unexpectedly (code 3)
[20:44:05] Process PID 59877 died unexpectedly (code 3)
[20:44:10] Process PID 59877 died unexpectedly (code 3)
[20:44:15] Process PID 59877 died unexpectedly (code 3)
[20:44:20] Process PID 59877 died unexpectedly (code 3)
[20:44:25] Process PID 59877 died unexpectedly (code 3)
[20:44:30] Process PID 59877 died unexpectedly (code 3)
[20:44:35] Process PID 59877 died unexpectedly (code 3)
[20:44:40] Process PID 59877 died unexpectedly (code 3)
[20:44:45] Process PID 59877 died unexpectedly (code 3)
[20:44:50] Process PID 59877 died unexpectedly (code 3)
[20:44:55] Process PID 59877 died unexpectedly (code 3)
[20:45:00] Process PID 59877 died unexpectedly (code 3)
[20:45:05] Process PID 59877 died unexpectedly (code 3)
[20:45:10] Process PID 59877 died unexpectedly (code 3)
[20:45:15] Process PID 59877 died unexpectedly (code 3)
[21:00:20] Process PID 59877 died unexpectedly (code 3)
[21:00:25] Process PID 59877 died unexpectedly (code 3)
[21:00:30] Process PID 59877 died unexpectedly (code 3)
[21:15:36] Process PID 59877 died unexpectedly (code 3)
[21:15:41] Process PID 59877 died unexpectedly (code 3)
[21:15:46] Process PID 59877 died unexpectedly (code 3)
[21:30:52] Process PID 59877 died unexpectedly (code 3)
[21:47:53] Process PID 59877 died unexpectedly (code 3)
[21:47:59] Process PID 59877 died unexpectedly (code 3)
[21:48:04] Process PID 59877 died unexpectedly (code 3)
[21:49:09] Process PID 59877 died unexpectedly (code 3)
[21:49:14] Process PID 59877 died unexpectedly (code 3)
[21:49:19] Process PID 59877 died unexpectedly (code 3)
[21:49:24] Process PID 59877 died unexpectedly (code 3)
[22:04:29] Process PID 59877 died unexpectedly (code 3)
[22:04:34] Process PID 59877 died unexpectedly (code 3)
[22:19:59] Process PID 59877 died unexpectedly (code 3)
[22:20:05] Process PID 59877 died unexpectedly (code 3)
[22:36:52] Process PID 59877 died unexpectedly (code 3)
[22:36:58] Process PID 59877 died unexpectedly (code 3)
[22:37:03] Process PID 59877 died unexpectedly (code 3)
[22:44:04] Process PID 59877 died unexpectedly (code 3)
[22:44:09] Process PID 59877 died unexpectedly (code 3)
[22:59:14] Process PID 59877 died unexpectedly (code 3)
[22:59:19] Process PID 59877 died unexpectedly (code 3)
[22:59:25] Process PID 59877 died unexpectedly (code 3)
[23:16:24] Process PID 59877 died unexpectedly (code 3)
[23:16:30] Process PID 59877 died unexpectedly (code 3)
[23:16:35] Process PID 59877 died unexpectedly (code 3)
[23:29:06] Process PID 59877 died unexpectedly (code 3)
[23:45:02] Process PID 59877 died unexpectedly (code 3)
[23:45:07] Process PID 59877 died unexpectedly (code 3)
[23:45:13] Process PID 59877 died unexpectedly (code 3)
[00:01:38] Process PID 59877 died unexpectedly (code 3)
[00:17:51] Process PID 59877 died unexpectedly (code 3)
[00:17:56] Process PID 59877 died unexpectedly (code 3)
[00:18:01] Process PID 59877 died unexpectedly (code 3)
[00:18:06] Process PID 59877 died unexpectedly (code 3)
[00:35:47] Process PID 59877 died unexpectedly (code 3)
[00:35:52] Process PID 59877 died unexpectedly (code 3)
[00:46:06] Process PID 59877 died unexpectedly (code 3)
[01:02:00] Process PID 59877 died unexpectedly (code 3)
[01:18:58] Process PID 59877 died unexpectedly (code 3)
[01:34:28] Process PID 59877 died unexpectedly (code 3)
[01:52:29] Process PID 59877 died unexpectedly (code 3)
[02:08:17] Process PID 59877 died unexpectedly (code 3)
[02:24:23] Process PID 59877 died unexpectedly (code 3)
[02:24:28] Process PID 59877 died unexpectedly (code 3)
[02:24:33] Process PID 59877 died unexpectedly (code 3)
[02:24:38] Process PID 59877 died unexpectedly (code 3)
[02:24:43] Process PID 59877 died unexpectedly (code 3)
[02:37:11] Process PID 59877 died unexpectedly (code 3)
[02:37:16] Process PID 59877 died unexpectedly (code 3)
[02:37:21] Process PID 59877 died unexpectedly (code 3)
[02:38:10] Process PID 59877 died unexpectedly (code 3)
[02:38:15] Process PID 59877 died unexpectedly (code 3)
[02:38:20] Process PID 59877 died unexpectedly (code 3)
[02:39:25] Process PID 59877 died unexpectedly (code 3)
[02:56:59] Process PID 59877 died unexpectedly (code 3)
[02:57:04] Process PID 59877 died unexpectedly (code 3)
[02:58:09] Process PID 59877 died unexpectedly (code 3)
[03:14:06] Process PID 59877 died unexpectedly (code 3)
[03:31:55] Process PID 59877 died unexpectedly (code 3)
[03:47:47] Process PID 59877 died unexpectedly (code 3)
[04:04:34] Process PID 59877 died unexpectedly (code 3)
[04:04:39] Process PID 59877 died unexpectedly (code 3)
[04:21:36] Process PID 59877 died unexpectedly (code 3)
[04:25:17] Process PID 59877 died unexpectedly (code 3)
[04:25:22] Process PID 59877 died unexpectedly (code 3)
[04:36:56] Process PID 59877 died unexpectedly (code 3)
[04:37:01] Process PID 59877 died unexpectedly (code 3)
[04:37:06] Process PID 59877 died unexpectedly (code 3)
[04:37:11] Process PID 59877 died unexpectedly (code 3)
[04:52:16] Process PID 59877 died unexpectedly (code 3)
[04:52:22] Process PID 59877 died unexpectedly (code 3)
[05:07:26] Process PID 59877 died unexpectedly (code 3)
[05:07:31] Process PID 59877 died unexpectedly (code 3)
[05:22:37] Process PID 59877 died unexpectedly (code 3)
[05:22:42] Process PID 59877 died unexpectedly (code 3)
[05:22:47] Process PID 59877 died unexpectedly (code 3)
[05:35:06] Process PID 59877 died unexpectedly (code 3)
[05:35:11] Process PID 59877 died unexpectedly (code 3)
[05:35:16] Process PID 59877 died unexpectedly (code 3)
[05:36:16] Process PID 59877 died unexpectedly (code 3)
[05:36:21] Process PID 59877 died unexpectedly (code 3)
[05:43:13] Process PID 59877 died unexpectedly (code 3)
[05:43:18] Process PID 59877 died unexpectedly (code 3)
[05:43:23] Process PID 59877 died unexpectedly (code 3)
[05:43:28] Process PID 59877 died unexpectedly (code 3)
[05:57:10] Process PID 59877 died unexpectedly (code 3)
[05:57:15] Process PID 59877 died unexpectedly (code 3)
[05:57:20] Process PID 59877 died unexpectedly (code 3)
[06:00:49] Process PID 59877 died unexpectedly (code 3)
[06:00:54] Process PID 59877 died unexpectedly (code 3)
[06:00:59] Process PID 59877 died unexpectedly (code 3)
[06:02:03] Process PID 59877 died unexpectedly (code 3)
[06:18:36] Process PID 59877 died unexpectedly (code 3)
[06:33:42] Process PID 59877 died unexpectedly (code 3)
[06:33:47] Process PID 59877 died unexpectedly (code 3)
[06:37:55] Process PID 59877 died unexpectedly (code 3)
[06:38:00] Process PID 59877 died unexpectedly (code 3)
[06:38:11] Process PID 59877 died unexpectedly (code 3)
[06:38:17] Process PID 59877 died unexpectedly (code 3)
[06:38:22] Process PID 59877 died unexpectedly (code 3)
[06:55:38] Process PID 59877 died unexpectedly (code 3)
[07:11:52] Process PID 59877 died unexpectedly (code 3)
[07:28:32] Process PID 59877 died unexpectedly (code 3)
[07:38:57] Process PID 59877 died unexpectedly (code 3)
[07:39:08] Process PID 59877 died unexpectedly (code 3)
[07:39:13] Process PID 59877 died unexpectedly (code 3)
[07:39:18] Process PID 59877 died unexpectedly (code 3)
[07:39:24] Process PID 59877 died unexpectedly (code 3)
[07:39:29] Process PID 59877 died unexpectedly (code 3)
[07:39:40] Process PID 59877 died unexpectedly (code 3)
[07:42:03] Process PID 59877 died unexpectedly (code 3)
[07:42:08] Process PID 59877 died unexpectedly (code 3)
[07:58:18] Process PID 59877 died unexpectedly (code 3)
[08:13:28] Process PID 59877 died unexpectedly (code 3)
[08:13:39] Process PID 59877 died unexpectedly (code 3)
[08:13:44] Process PID 59877 died unexpectedly (code 3)
[08:13:50] Process PID 59877 died unexpectedly (code 3)
[08:31:12] Process PID 59877 died unexpectedly (code 3)
[08:39:55] Process PID 59877 died unexpectedly (code 3)
[08:40:00] Process PID 59877 died unexpectedly (code 3)
[08:57:43] Process PID 59877 died unexpectedly (code 3)
[09:12:49] Process PID 59877 died unexpectedly (code 3)
[09:12:54] Process PID 59877 died unexpectedly (code 3)
[09:13:59] Process PID 59877 died unexpectedly (code 3)
[09:31:09] Process PID 59877 died unexpectedly (code 3)
[09:40:55] Process PID 59877 died unexpectedly (code 3)
[09:41:00] Process PID 59877 died unexpectedly (code 3)
[09:41:06] Process PID 59877 died unexpectedly (code 3)
[09:41:11] Process PID 59877 died unexpectedly (code 3)
[09:54:58] Process PID 59877 died unexpectedly (code 3)
[09:55:03] Process PID 59877 died unexpectedly (code 3)
[09:55:08] Process PID 59877 died unexpectedly (code 3)
[09:55:13] Process PID 59877 died unexpectedly (code 3)
[09:58:54] Process PID 59877 died unexpectedly (code 3)
[09:58:59] Process PID 59877 died unexpectedly (code 3)
[09:59:04] Process PID 59877 died unexpectedly (code 3)
[10:03:45] Process PID 59877 died unexpectedly (code 3)
[10:03:54] Process PID 59877 died unexpectedly (code 3)
[10:03:59] Process PID 59877 died unexpectedly (code 3)
[10:19:35] Process PID 59877 died unexpectedly (code 3)
[10:24:34] Process PID 59877 died unexpectedly (code 3)
[10:24:39] Process PID 59877 died unexpectedly (code 3)
[10:25:03] Process PID 59877 died unexpectedly (code 3)
[10:25:08] Process PID 59877 died unexpectedly (code 3)
[10:25:13] Process PID 59877 died unexpectedly (code 3)
[10:25:18] Process PID 59877 died unexpectedly (code 3)
[10:25:23] Process PID 59877 died unexpectedly (code 3)
[10:25:28] Process PID 59877 died unexpectedly (code 3)
[10:25:33] Process PID 59877 died unexpectedly (code 3)
[10:25:38] Process PID 59877 died unexpectedly (code 3)
[10:25:43] Process PID 59877 died unexpectedly (code 3)
[10:25:48] Process PID 59877 died unexpectedly (code 3)
[10:25:53] Process PID 59877 died unexpectedly (code 3)
[10:25:58] Process PID 59877 died unexpectedly (code 3)
[10:26:03] Process PID 59877 died unexpectedly (code 3)
[10:26:08] Process PID 59877 died unexpectedly (code 3)
[10:26:13] Process PID 59877 died unexpectedly (code 3)
[10:26:18] Process PID 59877 died unexpectedly (code 3)
[10:26:23] Process PID 59877 died unexpectedly (code 3)
[10:26:28] Process PID 59877 died unexpectedly (code 3)
[10:26:33] Process PID 59877 died unexpectedly (code 3)
[10:26:38] Process PID 59877 died unexpectedly (code 3)
[10:26:43] Process PID 59877 died unexpectedly (code 3)
[10:26:48] Process PID 59877 died unexpectedly (code 3)
[10:26:53] Process PID 59877 died unexpectedly (code 3)
[10:26:58] Process PID 59877 died unexpectedly (code 3)
[10:27:03] Process PID 59877 died unexpectedly (code 3)
[10:27:08] Process PID 59877 died unexpectedly (code 3)
[10:27:13] Process PID 59877 died unexpectedly (code 3)
[10:27:18] Process PID 59877 died unexpectedly (code 3)
[10:27:23] Process PID 59877 died unexpectedly (code 3)
[10:27:28] Process PID 59877 died unexpectedly (code 3)
[10:27:33] Process PID 59877 died unexpectedly (code 3)
[10:27:38] Process PID 59877 died unexpectedly (code 3)
[10:27:43] Process PID 59877 died unexpectedly (code 3)
[10:27:48] Process PID 59877 died unexpectedly (code 3)
[10:27:53] Process PID 59877 died unexpectedly (code 3)
[10:27:58] Process PID 59877 died unexpectedly (code 3)
[10:28:03] Process PID 59877 died unexpectedly (code 3)
[10:28:08] Process PID 59877 died unexpectedly (code 3)
[10:28:13] Process PID 59877 died unexpectedly (code 3)
[10:28:18] Process PID 59877 died unexpectedly (code 3)
[10:28:23] Process PID 59877 died unexpectedly (code 3)
[10:28:28] Process PID 59877 died unexpectedly (code 3)
[10:28:33] Process PID 59877 died unexpectedly (code 3)
[10:28:38] Process PID 59877 died unexpectedly (code 3)
[10:28:43] Process PID 59877 died unexpectedly (code 3)
[10:28:48] Process PID 59877 died unexpectedly (code 3)
[10:28:53] Process PID 59877 died unexpectedly (code 3)
[10:28:58] Process PID 59877 died unexpectedly (code 3)
[10:29:03] Process PID 59877 died unexpectedly (code 3)
[10:29:08] Process PID 59877 died unexpectedly (code 3)
[10:29:13] Process PID 59877 died unexpectedly (code 3)
[10:29:18] Process PID 59877 died unexpectedly (code 3)
[10:29:23] Process PID 59877 died unexpectedly (code 3)
[10:29:28] Process PID 59877 died unexpectedly (code 3)
[10:29:33] Process PID 59877 died unexpectedly (code 3)
[10:29:38] Process PID 59877 died unexpectedly (code 3)
[10:29:43] Process PID 59877 died unexpectedly (code 3)
[10:29:48] Process PID 59877 died unexpectedly (code 3)
[10:29:53] Process PID 59877 died unexpectedly (code 3)
[10:29:58] Process PID 59877 died unexpectedly (code 3)
[10:30:03] Process PID 59877 died unexpectedly (code 3)
[10:30:08] Process PID 59877 died unexpectedly (code 3)
[10:30:13] Process PID 59877 died unexpectedly (code 3)
[10:30:18] Process PID 59877 died unexpectedly (code 3)
[10:30:23] Process PID 59877 died unexpectedly (code 3)
[10:30:28] Process PID 59877 died unexpectedly (code 3)
[10:30:34] Process PID 59877 died unexpectedly (code 3)
[10:30:39] Process PID 59877 died unexpectedly (code 3)
[10:30:44] Process PID 59877 died unexpectedly (code 3)
[10:30:49] Process PID 59877 died unexpectedly (code 3)
[10:30:54] Process PID 59877 died unexpectedly (code 3)
[10:30:59] Process PID 59877 died unexpectedly (code 3)
[10:31:04] Process PID 59877 died unexpectedly (code 3)
[10:31:09] Process PID 59877 died unexpectedly (code 3)
[10:31:14] Process PID 59877 died unexpectedly (code 3)
[10:31:19] Process PID 59877 died unexpectedly (code 3)
[10:31:24] Process PID 59877 died unexpectedly (code 3)
[10:31:29] Process PID 59877 died unexpectedly (code 3)
[10:31:34] Process PID 59877 died unexpectedly (code 3)
[10:31:39] Process PID 59877 died unexpectedly (code 3)
[10:31:44] Process PID 59877 died unexpectedly (code 3)
[10:31:49] Process PID 59877 died unexpectedly (code 3)
[10:31:54] Process PID 59877 died unexpectedly (code 3)
[10:31:59] Process PID 59877 died unexpectedly (code 3)
[10:32:04] Process PID 59877 died unexpectedly (code 3)
[10:32:09] Process PID 59877 died unexpectedly (code 3)
[10:32:14] Process PID 59877 died unexpectedly (code 3)
[10:32:19] Process PID 59877 died unexpectedly (code 3)
[10:32:24] Process PID 59877 died unexpectedly (code 3)
[10:32:29] Process PID 59877 died unexpectedly (code 3)
[10:32:34] Process PID 59877 died unexpectedly (code 3)
[10:32:39] Process PID 59877 died unexpectedly (code 3)
[10:32:44] Process PID 59877 died unexpectedly (code 3)
[10:32:49] Process PID 59877 died unexpectedly (code 3)
[10:32:54] Process PID 59877 died unexpectedly (code 3)
[10:32:59] Process PID 59877 died unexpectedly (code 3)
[10:33:04] Process PID 59877 died unexpectedly (code 3)
[10:33:09] Process PID 59877 died unexpectedly (code 3)
[10:33:14] Process PID 59877 died unexpectedly (code 3)
[10:33:19] Process PID 59877 died unexpectedly (code 3)
[10:33:24] Process PID 59877 died unexpectedly (code 3)
[10:33:29] Process PID 59877 died unexpectedly (code 3)
[10:33:34] Process PID 59877 died unexpectedly (code 3)
[10:33:39] Process PID 59877 died unexpectedly (code 3)
[10:33:44] Process PID 59877 died unexpectedly (code 3)
[10:33:49] Process PID 59877 died unexpectedly (code 3)
[10:33:54] Process PID 59877 died unexpectedly (code 3)
[10:33:59] Process PID 59877 died unexpectedly (code 3)
[10:34:04] Process PID 59877 died unexpectedly (code 3)
[10:34:09] Process PID 59877 died unexpectedly (code 3)
[10:34:14] Process PID 59877 died unexpectedly (code 3)
[10:34:19] Process PID 59877 died unexpectedly (code 3)
[10:34:24] Process PID 59877 died unexpectedly (code 3)
[10:34:29] Process PID 59877 died unexpectedly (code 3)
[10:34:34] Process PID 59877 died unexpectedly (code 3)
[10:34:39] Process PID 59877 died unexpectedly (code 3)
[10:34:44] Process PID 59877 died unexpectedly (code 3)
[10:34:49] Process PID 59877 died unexpectedly (code 3)
[10:34:54] Process PID 59877 died unexpectedly (code 3)
[10:34:59] Process PID 59877 died unexpectedly (code 3)
[10:35:04] Process PID 59877 died unexpectedly (code 3)
[10:35:09] Process PID 59877 died unexpectedly (code 3)
[10:35:14] Process PID 59877 died unexpectedly (code 3)
[10:35:19] Process PID 59877 died unexpectedly (code 3)
[10:35:24] Process PID 59877 died unexpectedly (code 3)
[10:35:29] Process PID 59877 died unexpectedly (code 3)
[10:35:34] Process PID 59877 died unexpectedly (code 3)
[10:35:39] Process PID 59877 died unexpectedly (code 3)
[10:35:44] Process PID 59877 died unexpectedly (code 3)
[10:35:49] Process PID 59877 died unexpectedly (code 3)
[10:35:54] Process PID 59877 died unexpectedly (code 3)
[10:35:59] Process PID 59877 died unexpectedly (code 3)
[10:36:04] Process PID 59877 died unexpectedly (code 3)
[10:36:09] Process PID 59877 died unexpectedly (code 3)
[10:36:14] Process PID 59877 died unexpectedly (code 3)
[10:36:19] Process PID 59877 died unexpectedly (code 3)
[10:36:24] Process PID 59877 died unexpectedly (code 3)
[10:36:29] Process PID 59877 died unexpectedly (code 3)
[10:36:34] Process PID 59877 died unexpectedly (code 3)
[10:36:39] Process PID 59877 died unexpectedly (code 3)
[10:36:44] Process PID 59877 died unexpectedly (code 3)
[10:36:49] Process PID 59877 died unexpectedly (code 3)
[10:36:54] Process PID 59877 died unexpectedly (code 3)
[10:36:59] Process PID 59877 died unexpectedly (code 3)
[10:37:04] Process PID 59877 died unexpectedly (code 3)
[10:37:09] Process PID 59877 died unexpectedly (code 3)
[10:37:14] Process PID 59877 died unexpectedly (code 3)
[10:37:19] Process PID 59877 died unexpectedly (code 3)
[10:37:24] Process PID 59877 died unexpectedly (code 3)
[10:37:29] Process PID 59877 died unexpectedly (code 3)
[10:37:34] Process PID 59877 died unexpectedly (code 3)
[10:37:39] Process PID 59877 died unexpectedly (code 3)
[10:37:44] Process PID 59877 died unexpectedly (code 3)
[10:37:49] Process PID 59877 died unexpectedly (code 3)
[10:37:54] Process PID 59877 died unexpectedly (code 3)
[10:37:59] Process PID 59877 died unexpectedly (code 3)
[10:38:04] Process PID 59877 died unexpectedly (code 3)
[10:38:09] Process PID 59877 died unexpectedly (code 3)
[10:38:14] Process PID 59877 died unexpectedly (code 3)
[10:38:19] Process PID 59877 died unexpectedly (code 3)
[10:38:24] Process PID 59877 died unexpectedly (code 3)
[10:38:29] Process PID 59877 died unexpectedly (code 3)
[10:38:34] Process PID 59877 died unexpectedly (code 3)
[10:38:39] Process PID 59877 died unexpectedly (code 3)
[10:38:44] Process PID 59877 died unexpectedly (code 3)
[10:38:49] Process PID 59877 died unexpectedly (code 3)
[10:38:54] Process PID 59877 died unexpectedly (code 3)
[10:38:59] Process PID 59877 died unexpectedly (code 3)
[10:39:04] Process PID 59877 died unexpectedly (code 3)
[10:39:09] Process PID 59877 died unexpectedly (code 3)
[10:39:14] Process PID 59877 died unexpectedly (code 3)
[10:39:19] Process PID 59877 died unexpectedly (code 3)
[10:39:24] Process PID 59877 died unexpectedly (code 3)
[10:39:29] Process PID 59877 died unexpectedly (code 3)
[10:39:34] Process PID 59877 died unexpectedly (code 3)
[10:39:39] Process PID 59877 died unexpectedly (code 3)
[10:39:44] Process PID 59877 died unexpectedly (code 3)
[10:39:49] Process PID 59877 died unexpectedly (code 3)
[10:39:54] Process PID 59877 died unexpectedly (code 3)
[10:39:59] Process PID 59877 died unexpectedly (code 3)
[10:40:04] Process PID 59877 died unexpectedly (code 3)
[10:40:09] Process PID 59877 died unexpectedly (code 3)
[10:40:14] Process PID 59877 died unexpectedly (code 3)
[10:40:19] Process PID 59877 died unexpectedly (code 3)
[10:40:24] Process PID 59877 died unexpectedly (code 3)
[10:40:29] Process PID 59877 died unexpectedly (code 3)
[10:40:34] Process PID 59877 died unexpectedly (code 3)
[10:40:39] Process PID 59877 died unexpectedly (code 3)
[10:40:44] Process PID 59877 died unexpectedly (code 3)
[10:40:49] Process PID 59877 died unexpectedly (code 3)
[10:40:54] Process PID 59877 died unexpectedly (code 3)
[10:40:59] Process PID 59877 died unexpectedly (code 3)
[10:41:04] Process PID 59877 died unexpectedly (code 3)
[10:41:09] Process PID 59877 died unexpectedly (code 3)
[10:41:14] Process PID 59877 died unexpectedly (code 3)
[10:41:19] Process PID 59877 died unexpectedly (code 3)
[10:41:24] Process PID 59877 died unexpectedly (code 3)
[10:41:29] Process PID 59877 died unexpectedly (code 3)
[10:41:34] Process PID 59877 died unexpectedly (code 3)
[10:41:39] Process PID 59877 died unexpectedly (code 3)
[10:41:44] Process PID 59877 died unexpectedly (code 3)
[10:41:49] Process PID 59877 died unexpectedly (code 3)
[10:41:54] Process PID 59877 died unexpectedly (code 3)
[10:41:59] Process PID 59877 died unexpectedly (code 3)
[10:42:04] Process PID 59877 died unexpectedly (code 3)
[10:42:09] Process PID 59877 died unexpectedly (code 3)
[10:42:14] Process PID 59877 died unexpectedly (code 3)
[10:42:19] Process PID 59877 died unexpectedly (code 3)
[10:42:24] Process PID 59877 died unexpectedly (code 3)
[10:42:29] Process PID 59877 died unexpectedly (code 3)
[10:42:34] Process PID 59877 died unexpectedly (code 3)
[10:42:39] Process PID 59877 died unexpectedly (code 3)
[10:42:44] Process PID 59877 died unexpectedly (code 3)
[10:42:49] Process PID 59877 died unexpectedly (code 3)
[10:42:54] Process PID 59877 died unexpectedly (code 3)
[10:42:59] Process PID 59877 died unexpectedly (code 3)
[10:43:04] Process PID 59877 died unexpectedly (code 3)
[10:43:09] Process PID 59877 died unexpectedly (code 3)
[10:43:14] Process PID 59877 died unexpectedly (code 3)
[10:43:19] Process PID 59877 died unexpectedly (code 3)
[10:43:24] Process PID 59877 died unexpectedly (code 3)
[10:43:29] Process PID 59877 died unexpectedly (code 3)
[10:43:34] Process PID 59877 died unexpectedly (code 3)
[10:43:39] Process PID 59877 died unexpectedly (code 3)
[10:43:44] Process PID 59877 died unexpectedly (code 3)
[10:43:49] Process PID 59877 died unexpectedly (code 3)
[10:43:54] Process PID 59877 died unexpectedly (code 3)
[10:43:59] Process PID 59877 died unexpectedly (code 3)
[10:44:04] Process PID 59877 died unexpectedly (code 3)
[10:44:09] Process PID 59877 died unexpectedly (code 3)
[10:44:14] Process PID 59877 died unexpectedly (code 3)
[10:44:19] Process PID 59877 died unexpectedly (code 3)
[10:44:24] Process PID 59877 died unexpectedly (code 3)
[10:44:29] Process PID 59877 died unexpectedly (code 3)
[10:44:34] Process PID 59877 died unexpectedly (code 3)
[10:44:39] Process PID 59877 died unexpectedly (code 3)
[10:44:44] Process PID 59877 died unexpectedly (code 3)
[10:44:49] Process PID 59877 died unexpectedly (code 3)
[10:44:54] Process PID 59877 died unexpectedly (code 3)
[10:44:59] Process PID 59877 died unexpectedly (code 3)
[10:45:04] Process PID 59877 died unexpectedly (code 3)
[10:45:09] Process PID 59877 died unexpectedly (code 3)
[10:45:14] Process PID 59877 died unexpectedly (code 3)
[10:45:19] Process PID 59877 died unexpectedly (code 3)
[10:45:24] Process PID 59877 died unexpectedly (code 3)
[10:45:29] Process PID 59877 died unexpectedly (code 3)
[10:45:34] Process PID 59877 died unexpectedly (code 3)
[10:45:39] Process PID 59877 died unexpectedly (code 3)
[10:45:44] Process PID 59877 died unexpectedly (code 3)
[10:45:49] Process PID 59877 died unexpectedly (code 3)
[10:45:54] Process PID 59877 died unexpectedly (code 3)
[10:45:59] Process PID 59877 died unexpectedly (code 3)
[10:46:04] Process PID 59877 died unexpectedly (code 3)
[10:46:09] Process PID 59877 died unexpectedly (code 3)
[10:46:14] Process PID 59877 died unexpectedly (code 3)
[10:46:19] Process PID 59877 died unexpectedly (code 3)
[10:46:24] Process PID 59877 died unexpectedly (code 3)
[10:46:29] Process PID 59877 died unexpectedly (code 3)
[10:46:34] Process PID 59877 died unexpectedly (code 3)
[10:46:39] Process PID 59877 died unexpectedly (code 3)
[10:46:44] Process PID 59877 died unexpectedly (code 3)
[10:46:49] Process PID 59877 died unexpectedly (code 3)
[10:46:54] Process PID 59877 died unexpectedly (code 3)
[10:46:59] Process PID 59877 died unexpectedly (code 3)
[10:47:04] Process PID 59877 died unexpectedly (code 3)
[10:47:09] Process PID 59877 died unexpectedly (code 3)
[10:47:14] Process PID 59877 died unexpectedly (code 3)
[10:47:19] Process PID 59877 died unexpectedly (code 3)
[10:47:24] Process PID 59877 died unexpectedly (code 3)
[10:47:29] Process PID 59877 died unexpectedly (code 3)
[10:47:34] Process PID 59877 died unexpectedly (code 3)
[10:47:39] Process PID 59877 died unexpectedly (code 3)
[10:47:44] Process PID 59877 died unexpectedly (code 3)
[10:47:49] Process PID 59877 died unexpectedly (code 3)
[10:47:54] Process PID 59877 died unexpectedly (code 3)
[10:47:59] Process PID 59877 died unexpectedly (code 3)
[10:48:04] Process PID 59877 died unexpectedly (code 3)
[10:48:09] Process PID 59877 died unexpectedly (code 3)
[10:48:14] Process PID 59877 died unexpectedly (code 3)
[10:48:19] Process PID 59877 died unexpectedly (code 3)
[10:48:25] Process PID 59877 died unexpectedly (code 3)
[10:48:30] Process PID 59877 died unexpectedly (code 3)
[10:48:35] Process PID 59877 died unexpectedly (code 3)
[10:48:40] Process PID 59877 died unexpectedly (code 3)
[10:48:45] Process PID 59877 died unexpectedly (code 3)
[10:48:50] Process PID 59877 died unexpectedly (code 3)
[10:48:55] Process PID 59877 died unexpectedly (code 3)
[10:49:00] Process PID 59877 died unexpectedly (code 3)
[10:49:05] Process PID 59877 died unexpectedly (code 3)
[10:49:10] Process PID 59877 died unexpectedly (code 3)
[10:49:15] Process PID 59877 died unexpectedly (code 3)
[10:49:20] Process PID 59877 died unexpectedly (code 3)
[10:49:25] Process PID 59877 died unexpectedly (code 3)
[10:49:30] Process PID 59877 died unexpectedly (code 3)
[10:49:35] Process PID 59877 died unexpectedly (code 3)
[10:49:40] Process PID 59877 died unexpectedly (code 3)
[10:49:45] Process PID 59877 died unexpectedly (code 3)
[10:49:50] Process PID 59877 died unexpectedly (code 3)
[10:49:55] Process PID 59877 died unexpectedly (code 3)
[10:50:00] Process PID 59877 died unexpectedly (code 3)
[10:50:05] Process PID 59877 died unexpectedly (code 3)
[10:50:10] Process PID 59877 died unexpectedly (code 3)
[10:50:15] Process PID 59877 died unexpectedly (code 3)
[10:50:20] Process PID 59877 died unexpectedly (code 3)
[10:50:25] Process PID 59877 died unexpectedly (code 3)
[10:50:30] Process PID 59877 died unexpectedly (code 3)
[10:50:35] Process PID 59877 died unexpectedly (code 3)
[10:50:40] Process PID 59877 died unexpectedly (code 3)
[10:50:45] Process PID 59877 died unexpectedly (code 3)
[10:50:50] Process PID 59877 died unexpectedly (code 3)
[10:50:55] Process PID 59877 died unexpectedly (code 3)
[10:51:00] Process PID 59877 died unexpectedly (code 3)
[10:51:05] Process PID 59877 died unexpectedly (code 3)
[10:51:10] Process PID 59877 died unexpectedly (code 3)
[10:51:15] Process PID 59877 died unexpectedly (code 3)
[10:51:20] Process PID 59877 died unexpectedly (code 3)
[10:51:25] Process PID 59877 died unexpectedly (code 3)
[10:51:30] Process PID 59877 died unexpectedly (code 3)
[10:51:35] Process PID 59877 died unexpectedly (code 3)
