[11:11:28] PHOENIX launcher started — v0.1.0
[11:11:28] Python OK: 3.11.9 (main, Apr 19 2026, 02:58:43) [Clang 21.0.0 (clang-2100.0.123.102)]
[11:11:28] OS: Darwin 25.5.0 arm64
[11:11:28] Node.js: v26.5.0
[11:11:30] pip install: SUCCESS
[11:11:32] npm install: SUCCESS
[11:11:32] Backend: PID 67558 → /Users/umeshgupta/PhishScope AI/PhishScope AI2.0/logs/backend_2026-08-07_11-11.log
[11:11:32] Frontend: PID 67559 → /Users/umeshgupta/PhishScope AI/PhishScope AI2.0/logs/frontend_2026-08-07_11-11.log
[11:11:32] Backend health: OK
[11:11:33] Process PID 67558 died unexpectedly (code 3)
[11:11:38] Process PID 67558 died unexpectedly (code 3)
[11:11:43] Process PID 67558 died unexpectedly (code 3)
[11:11:48] Process PID 67558 died unexpectedly (code 3)
[11:11:53] Process PID 67558 died unexpectedly (code 3)
[11:11:58] Process PID 67558 died unexpectedly (code 3)
[11:12:03] Process PID 67558 died unexpectedly (code 3)
[11:12:08] Process PID 67558 died unexpectedly (code 3)
[11:12:13] Process PID 67558 died unexpectedly (code 3)
[11:12:18] Process PID 67558 died unexpectedly (code 3)
[11:12:23] Process PID 67558 died unexpectedly (code 3)
[11:12:28] Process PID 67558 died unexpectedly (code 3)
[11:12:33] Process PID 67558 died unexpectedly (code 3)
[11:12:38] Process PID 67558 died unexpectedly (code 3)
[11:12:43] Process PID 67558 died unexpectedly (code 3)
[11:12:48] Process PID 67558 died unexpectedly (code 3)
[11:12:53] Process PID 67558 died unexpectedly (code 3)
[11:12:58] Process PID 67558 died unexpectedly (code 3)
[11:13:03] Process PID 67558 died unexpectedly (code 3)
[11:13:08] Process PID 67558 died unexpectedly (code 3)
[11:13:13] Process PID 67558 died unexpectedly (code 3)
[11:13:18] Process PID 67558 died unexpectedly (code 3)
[11:13:23] Process PID 67558 died unexpectedly (code 3)
[11:13:28] Process PID 67558 died unexpectedly (code 3)
[11:13:33] Process PID 67558 died unexpectedly (code 3)
[11:13:38] Process PID 67558 died unexpectedly (code 3)
[11:13:43] Process PID 67558 died unexpectedly (code 3)
[11:13:49] Process PID 67558 died unexpectedly (code 3)
[11:13:54] Process PID 67558 died unexpectedly (code 3)
[11:13:59] Process PID 67558 died unexpectedly (code 3)
[11:14:04] Process PID 67558 died unexpectedly (code 3)
[11:14:09] Process PID 67558 died unexpectedly (code 3)
[11:14:14] Process PID 67558 died unexpectedly (code 3)
[11:14:19] Process PID 67558 died unexpectedly (code 3)
[11:14:24] Process PID 67558 died unexpectedly (code 3)
[11:14:29] Process PID 67558 died unexpectedly (code 3)
[11:14:34] Process PID 67558 died unexpectedly (code 3)
[11:14:39] Process PID 67558 died unexpectedly (code 3)
[11:14:44] Process PID 67558 died unexpectedly (code 3)
[11:14:49] Process PID 67558 died unexpectedly (code 3)
[11:14:54] Process PID 67558 died unexpectedly (code 3)
[11:14:59] Process PID 67558 died unexpectedly (code 3)
[11:15:04] Process PID 67558 died unexpectedly (code 3)
[11:15:09] Process PID 67558 died unexpectedly (code 3)
[11:15:14] Process PID 67558 died unexpectedly (code 3)
[11:15:19] Process PID 67558 died unexpectedly (code 3)
[11:15:24] Process PID 67558 died unexpectedly (code 3)
[11:15:29] Process PID 67558 died unexpectedly (code 3)
[11:15:34] Process PID 67558 died unexpectedly (code 3)
[11:15:39] Process PID 67558 died unexpectedly (code 3)
[11:15:44] Process PID 67558 died unexpectedly (code 3)
[11:15:49] Process PID 67558 died unexpectedly (code 3)
[11:15:54] Process PID 67558 died unexpectedly (code 3)
[11:15:59] Process PID 67558 died unexpectedly (code 3)
[11:16:04] Process PID 67558 died unexpectedly (code 3)
[11:16:09] Process PID 67558 died unexpectedly (code 3)
[11:16:14] Process PID 67558 died unexpectedly (code 3)
[11:16:19] Process PID 67558 died unexpectedly (code 3)
[11:16:24] Process PID 67558 died unexpectedly (code 3)
[11:16:29] Process PID 67558 died unexpectedly (code 3)
[11:16:34] Process PID 67558 died unexpectedly (code 3)
[11:16:39] Process PID 67558 died unexpectedly (code 3)
[11:17:42] Process PID 67558 died unexpectedly (code 3)
[11:17:47] Process PID 67558 died unexpectedly (code 3)
[11:17:52] Process PID 67558 died unexpectedly (code 3)
[11:17:57] Process PID 67558 died unexpectedly (code 3)
[11:18:02] Process PID 67558 died unexpectedly (code 3)
[11:18:07] Process PID 67558 died unexpectedly (code 3)
[11:18:12] Process PID 67558 died unexpectedly (code 3)
[11:18:17] Process PID 67558 died unexpectedly (code 3)
[11:18:22] Process PID 67558 died unexpectedly (code 3)
[11:18:27] Process PID 67558 died unexpectedly (code 3)
[11:18:32] Process PID 67558 died unexpectedly (code 3)
[11:18:37] Process PID 67558 died unexpectedly (code 3)
[11:18:42] Process PID 67558 died unexpectedly (code 3)
[11:18:47] Process PID 67558 died unexpectedly (code 3)
[11:18:52] Process PID 67558 died unexpectedly (code 3)
[11:18:57] Process PID 67558 died unexpectedly (code 3)
[11:19:02] Process PID 67558 died unexpectedly (code 3)
[11:19:07] Process PID 67558 died unexpectedly (code 3)
[11:19:12] Process PID 67558 died unexpectedly (code 3)
[11:19:17] Process PID 67558 died unexpectedly (code 3)
[11:19:22] Process PID 67558 died unexpectedly (code 3)
[11:19:27] Process PID 67558 died unexpectedly (code 3)
[11:19:32] Process PID 67558 died unexpectedly (code 3)
[11:19:37] Process PID 67558 died unexpectedly (code 3)
[11:19:42] Process PID 67558 died unexpectedly (code 3)
[11:19:47] Process PID 67558 died unexpectedly (code 3)
[11:19:52] Process PID 67558 died unexpectedly (code 3)
[11:19:57] Process PID 67558 died unexpectedly (code 3)
[11:20:02] Process PID 67558 died unexpectedly (code 3)
[11:20:07] Process PID 67558 died unexpectedly (code 3)
[11:20:12] Process PID 67558 died unexpectedly (code 3)
[11:20:17] Process PID 67558 died unexpectedly (code 3)
[11:20:22] Process PID 67558 died unexpectedly (code 3)
[11:20:27] Process PID 67558 died unexpectedly (code 3)
[11:20:32] Process PID 67558 died unexpectedly (code 3)
[11:20:37] Process PID 67558 died unexpectedly (code 3)
[11:20:42] Process PID 67558 died unexpectedly (code 3)
[11:20:47] Process PID 67558 died unexpectedly (code 3)
[11:20:52] Process PID 67558 died unexpectedly (code 3)
[11:20:57] Process PID 67558 died unexpectedly (code 3)
[11:21:02] Process PID 67558 died unexpectedly (code 3)
[11:21:07] Process PID 67558 died unexpectedly (code 3)
[11:21:12] Process PID 67558 died unexpectedly (code 3)
[11:21:17] Process PID 67558 died unexpectedly (code 3)
[11:21:22] Process PID 67558 died unexpectedly (code 3)
[11:21:27] Process PID 67558 died unexpectedly (code 3)
[11:21:32] Process PID 67558 died unexpectedly (code 3)
[11:21:37] Process PID 67558 died unexpectedly (code 3)
[11:21:42] Process PID 67558 died unexpectedly (code 3)
[11:21:47] Process PID 67558 died unexpectedly (code 3)
[11:21:52] Process PID 67558 died unexpectedly (code 3)
[11:21:57] Process PID 67558 died unexpectedly (code 3)
[11:22:02] Process PID 67558 died unexpectedly (code 3)
[11:22:07] Process PID 67558 died unexpectedly (code 3)
[11:22:12] Process PID 67558 died unexpectedly (code 3)
[11:22:17] Process PID 67558 died unexpectedly (code 3)
[11:22:22] Process PID 67558 died unexpectedly (code 3)
[11:22:27] Process PID 67558 died unexpectedly (code 3)
[11:22:32] Process PID 67558 died unexpectedly (code 3)
[11:22:37] Process PID 67558 died unexpectedly (code 3)
[11:22:42] Process PID 67558 died unexpectedly (code 3)
[11:22:47] Process PID 67558 died unexpectedly (code 3)
[11:22:52] Process PID 67558 died unexpectedly (code 3)
[11:22:57] Process PID 67558 died unexpectedly (code 3)
[11:23:02] Process PID 67558 died unexpectedly (code 3)
[11:23:07] Process PID 67558 died unexpectedly (code 3)
[11:23:12] Process PID 67558 died unexpectedly (code 3)
[11:23:17] Process PID 67558 died unexpectedly (code 3)
[11:23:22] Process PID 67558 died unexpectedly (code 3)
[11:23:27] Process PID 67558 died unexpectedly (code 3)
[11:23:32] Process PID 67558 died unexpectedly (code 3)
[11:23:37] Process PID 67558 died unexpectedly (code 3)
[11:23:42] Process PID 67558 died unexpectedly (code 3)
[11:23:47] Process PID 67558 died unexpectedly (code 3)
[11:23:52] Process PID 67558 died unexpectedly (code 3)
[11:23:57] Process PID 67558 died unexpectedly (code 3)
[11:24:02] Process PID 67558 died unexpectedly (code 3)
[11:24:07] Process PID 67558 died unexpectedly (code 3)
[11:24:12] Process PID 67558 died unexpectedly (code 3)
[11:24:17] Process PID 67558 died unexpectedly (code 3)
[11:24:22] Process PID 67558 died unexpectedly (code 3)
[11:24:27] Process PID 67558 died unexpectedly (code 3)
[11:24:32] Process PID 67558 died unexpectedly (code 3)
[11:24:37] Process PID 67558 died unexpectedly (code 3)
[11:24:42] Process PID 67558 died unexpectedly (code 3)
[11:24:47] Process PID 67558 died unexpectedly (code 3)
[11:24:52] Process PID 67558 died unexpectedly (code 3)
[11:24:57] Process PID 67558 died unexpectedly (code 3)
[11:25:02] Process PID 67558 died unexpectedly (code 3)
[11:25:07] Process PID 67558 died unexpectedly (code 3)
[11:25:12] Process PID 67558 died unexpectedly (code 3)
[11:25:17] Process PID 67558 died unexpectedly (code 3)
[11:25:22] Process PID 67558 died unexpectedly (code 3)
[11:25:27] Process PID 67558 died unexpectedly (code 3)
[11:25:32] Process PID 67558 died unexpectedly (code 3)
[11:25:37] Process PID 67558 died unexpectedly (code 3)
[11:25:42] Process PID 67558 died unexpectedly (code 3)
[11:25:47] Process PID 67558 died unexpectedly (code 3)
[11:25:52] Process PID 67558 died unexpectedly (code 3)
[11:25:57] Process PID 67558 died unexpectedly (code 3)
[11:26:02] Process PID 67558 died unexpectedly (code 3)
[11:26:07] Process PID 67558 died unexpectedly (code 3)
[11:26:12] Process PID 67558 died unexpectedly (code 3)
[11:26:17] Process PID 67558 died unexpectedly (code 3)
[11:26:22] Process PID 67558 died unexpectedly (code 3)
[11:26:27] Process PID 67558 died unexpectedly (code 3)
[11:26:32] Process PID 67558 died unexpectedly (code 3)
[11:26:37] Process PID 67558 died unexpectedly (code 3)
[11:26:42] Process PID 67558 died unexpectedly (code 3)
[11:26:47] Process PID 67558 died unexpectedly (code 3)
[11:26:52] Process PID 67558 died unexpectedly (code 3)
[11:26:57] Process PID 67558 died unexpectedly (code 3)
[11:27:02] Process PID 67558 died unexpectedly (code 3)
[11:27:07] Process PID 67558 died unexpectedly (code 3)
[11:27:12] Process PID 67558 died unexpectedly (code 3)
[11:27:17] Process PID 67558 died unexpectedly (code 3)
[11:27:22] Process PID 67558 died unexpectedly (code 3)
[11:27:27] Process PID 67558 died unexpectedly (code 3)
[11:27:32] Process PID 67558 died unexpectedly (code 3)
[11:27:37] Process PID 67558 died unexpectedly (code 3)
[11:27:42] Process PID 67558 died unexpectedly (code 3)
[11:27:47] Process PID 67558 died unexpectedly (code 3)
[11:27:52] Process PID 67558 died unexpectedly (code 3)
[11:27:57] Process PID 67558 died unexpectedly (code 3)
[11:28:02] Process PID 67558 died unexpectedly (code 3)
[11:28:07] Process PID 67558 died unexpectedly (code 3)
[11:28:12] Process PID 67558 died unexpectedly (code 3)
[11:28:17] Process PID 67558 died unexpectedly (code 3)
[11:28:22] Process PID 67558 died unexpectedly (code 3)
[11:28:27] Process PID 67558 died unexpectedly (code 3)
[11:28:32] Process PID 67558 died unexpectedly (code 3)
[11:28:37] Process PID 67558 died unexpectedly (code 3)
[11:28:42] Process PID 67558 died unexpectedly (code 3)
[11:28:47] Process PID 67558 died unexpectedly (code 3)
[11:28:52] Process PID 67558 died unexpectedly (code 3)
[11:28:57] Process PID 67558 died unexpectedly (code 3)
[11:29:02] Process PID 67558 died unexpectedly (code 3)
[11:29:07] Process PID 67558 died unexpectedly (code 3)
[11:29:12] Process PID 67558 died unexpectedly (code 3)
[11:29:17] Process PID 67558 died unexpectedly (code 3)
[11:29:22] Process PID 67558 died unexpectedly (code 3)
[11:29:27] Process PID 67558 died unexpectedly (code 3)
[11:29:32] Process PID 67558 died unexpectedly (code 3)
[11:29:37] Process PID 67558 died unexpectedly (code 3)
[11:29:42] Process PID 67558 died unexpectedly (code 3)
[11:29:47] Process PID 67558 died unexpectedly (code 3)
[11:29:52] Process PID 67558 died unexpectedly (code 3)
[11:29:57] Process PID 67558 died unexpectedly (code 3)
[11:30:02] Process PID 67558 died unexpectedly (code 3)
[11:30:07] Process PID 67558 died unexpectedly (code 3)
[11:30:12] Process PID 67558 died unexpectedly (code 3)
[11:30:17] Process PID 67558 died unexpectedly (code 3)
[11:30:22] Process PID 67558 died unexpectedly (code 3)
[11:30:27] Process PID 67558 died unexpectedly (code 3)
[11:30:32] Process PID 67558 died unexpectedly (code 3)
[11:30:37] Process PID 67558 died unexpectedly (code 3)
[11:30:42] Process PID 67558 died unexpectedly (code 3)
[11:30:47] Process PID 67558 died unexpectedly (code 3)
[11:30:52] Process PID 67558 died unexpectedly (code 3)
[11:30:57] Process PID 67558 died unexpectedly (code 3)
[11:31:02] Process PID 67558 died unexpectedly (code 3)
[11:31:07] Process PID 67558 died unexpectedly (code 3)
[11:31:12] Process PID 67558 died unexpectedly (code 3)
[11:31:17] Process PID 67558 died unexpectedly (code 3)
[11:31:22] Process PID 67558 died unexpectedly (code 3)
[11:31:27] Process PID 67558 died unexpectedly (code 3)
[11:31:32] Process PID 67558 died unexpectedly (code 3)
[11:31:37] Process PID 67558 died unexpectedly (code 3)
[11:31:42] Process PID 67558 died unexpectedly (code 3)
[11:31:47] Process PID 67558 died unexpectedly (code 3)
[11:31:52] Process PID 67558 died unexpectedly (code 3)
[11:31:58] Process PID 67558 died unexpectedly (code 3)
[11:32:03] Process PID 67558 died unexpectedly (code 3)
[11:32:08] Process PID 67558 died unexpectedly (code 3)
[11:32:13] Process PID 67558 died unexpectedly (code 3)
[11:32:18] Process PID 67558 died unexpectedly (code 3)
[11:32:23] Process PID 67558 died unexpectedly (code 3)
[11:32:28] Process PID 67558 died unexpectedly (code 3)
[11:32:33] Process PID 67558 died unexpectedly (code 3)
[11:32:38] Process PID 67558 died unexpectedly (code 3)
[11:32:43] Process PID 67558 died unexpectedly (code 3)
[11:32:48] Process PID 67558 died unexpectedly (code 3)
[11:32:53] Process PID 67558 died unexpectedly (code 3)
[11:32:58] Process PID 67558 died unexpectedly (code 3)
[11:33:03] Process PID 67558 died unexpectedly (code 3)
[11:33:08] Process PID 67558 died unexpectedly (code 3)
[11:33:13] Process PID 67558 died unexpectedly (code 3)
[11:33:18] Process PID 67558 died unexpectedly (code 3)
[11:33:23] Process PID 67558 died unexpectedly (code 3)
[11:33:28] Process PID 67558 died unexpectedly (code 3)
[11:33:33] Process PID 67558 died unexpectedly (code 3)
[11:33:38] Process PID 67558 died unexpectedly (code 3)
[11:33:43] Process PID 67558 died unexpectedly (code 3)
[11:33:48] Process PID 67558 died unexpectedly (code 3)
[11:33:53] Process PID 67558 died unexpectedly (code 3)
[11:33:58] Process PID 67558 died unexpectedly (code 3)
[11:34:03] Process PID 67558 died unexpectedly (code 3)
[11:34:08] Process PID 67558 died unexpectedly (code 3)
[11:34:13] Process PID 67558 died unexpectedly (code 3)
[11:34:18] Process PID 67558 died unexpectedly (code 3)
[11:34:23] Process PID 67558 died unexpectedly (code 3)
[11:34:28] Process PID 67558 died unexpectedly (code 3)
[11:34:33] Process PID 67558 died unexpectedly (code 3)
[11:34:38] Process PID 67558 died unexpectedly (code 3)
[11:34:43] Process PID 67558 died unexpectedly (code 3)
[11:34:48] Process PID 67558 died unexpectedly (code 3)
[11:34:53] Process PID 67558 died unexpectedly (code 3)
[11:34:58] Process PID 67558 died unexpectedly (code 3)
[11:35:03] Process PID 67558 died unexpectedly (code 3)
[11:35:08] Process PID 67558 died unexpectedly (code 3)
[11:35:13] Process PID 67558 died unexpectedly (code 3)
[11:35:18] Process PID 67558 died unexpectedly (code 3)
[11:35:23] Process PID 67558 died unexpectedly (code 3)
[11:35:28] Process PID 67558 died unexpectedly (code 3)
[11:35:33] Process PID 67558 died unexpectedly (code 3)
[11:35:38] Process PID 67558 died unexpectedly (code 3)
[11:35:43] Process PID 67558 died unexpectedly (code 3)
[11:35:48] Process PID 67558 died unexpectedly (code 3)
[11:35:53] Process PID 67558 died unexpectedly (code 3)
[11:35:58] Process PID 67558 died unexpectedly (code 3)
[11:36:03] Process PID 67558 died unexpectedly (code 3)
[11:36:08] Process PID 67558 died unexpectedly (code 3)
[11:36:13] Process PID 67558 died unexpectedly (code 3)
[11:36:18] Process PID 67558 died unexpectedly (code 3)
[11:36:23] Process PID 67558 died unexpectedly (code 3)
[11:36:28] Process PID 67558 died unexpectedly (code 3)
[11:36:33] Process PID 67558 died unexpectedly (code 3)
[11:36:38] Process PID 67558 died unexpectedly (code 3)
[11:36:43] Process PID 67558 died unexpectedly (code 3)
[11:36:48] Process PID 67558 died unexpectedly (code 3)
[11:36:53] Process PID 67558 died unexpectedly (code 3)
[11:36:58] Process PID 67558 died unexpectedly (code 3)
[11:37:03] Process PID 67558 died unexpectedly (code 3)
[11:37:08] Process PID 67558 died unexpectedly (code 3)
[11:37:13] Process PID 67558 died unexpectedly (code 3)
[11:37:18] Process PID 67558 died unexpectedly (code 3)
[11:37:23] Process PID 67558 died unexpectedly (code 3)
[11:37:28] Process PID 67558 died unexpectedly (code 3)
[11:37:33] Process PID 67558 died unexpectedly (code 3)
[11:37:38] Process PID 67558 died unexpectedly (code 3)
[11:37:43] Process PID 67558 died unexpectedly (code 3)
[11:37:48] Process PID 67558 died unexpectedly (code 3)
[11:37:53] Process PID 67558 died unexpectedly (code 3)
[11:37:58] Process PID 67558 died unexpectedly (code 3)
[11:38:03] Process PID 67558 died unexpectedly (code 3)
[11:38:08] Process PID 67558 died unexpectedly (code 3)
[11:38:13] Process PID 67558 died unexpectedly (code 3)
[11:38:18] Process PID 67558 died unexpectedly (code 3)
[11:38:23] Process PID 67558 died unexpectedly (code 3)
[11:38:28] Process PID 67558 died unexpectedly (code 3)
[11:38:33] Process PID 67558 died unexpectedly (code 3)
[11:38:38] Process PID 67558 died unexpectedly (code 3)
[11:38:43] Process PID 67558 died unexpectedly (code 3)
[11:38:48] Process PID 67558 died unexpectedly (code 3)
[11:38:53] Process PID 67558 died unexpectedly (code 3)
[11:38:58] Process PID 67558 died unexpectedly (code 3)
[11:39:03] Process PID 67558 died unexpectedly (code 3)
[11:39:08] Process PID 67558 died unexpectedly (code 3)
[11:39:13] Process PID 67558 died unexpectedly (code 3)
[11:39:18] Process PID 67558 died unexpectedly (code 3)
[11:39:23] Process PID 67558 died unexpectedly (code 3)
[11:39:28] Process PID 67558 died unexpectedly (code 3)
[11:39:33] Process PID 67558 died unexpectedly (code 3)
[11:39:38] Process PID 67558 died unexpectedly (code 3)
[11:39:43] Process PID 67558 died unexpectedly (code 3)
[11:39:48] Process PID 67558 died unexpectedly (code 3)
[11:39:53] Process PID 67558 died unexpectedly (code 3)
[11:39:58] Process PID 67558 died unexpectedly (code 3)
[11:40:03] Process PID 67558 died unexpectedly (code 3)
[11:40:08] Process PID 67558 died unexpectedly (code 3)
[11:40:13] Process PID 67558 died unexpectedly (code 3)
[11:40:18] Process PID 67558 died unexpectedly (code 3)
[11:40:23] Process PID 67558 died unexpectedly (code 3)
[11:40:28] Process PID 67558 died unexpectedly (code 3)
[11:40:33] Process PID 67558 died unexpectedly (code 3)
[11:40:38] Process PID 67558 died unexpectedly (code 3)
[11:40:43] Process PID 67558 died unexpectedly (code 3)
[11:40:48] Process PID 67558 died unexpectedly (code 3)
[11:40:53] Process PID 67558 died unexpectedly (code 3)
[11:40:58] Process PID 67558 died unexpectedly (code 3)
[11:41:03] Process PID 67558 died unexpectedly (code 3)
[11:41:08] Process PID 67558 died unexpectedly (code 3)
[11:41:13] Process PID 67558 died unexpectedly (code 3)
[11:41:18] Process PID 67558 died unexpectedly (code 3)
[11:41:23] Process PID 67558 died unexpectedly (code 3)
[11:41:28] Process PID 67558 died unexpectedly (code 3)
[11:41:33] Process PID 67558 died unexpectedly (code 3)
[11:41:38] Process PID 67558 died unexpectedly (code 3)
[11:41:43] Process PID 67558 died unexpectedly (code 3)
[11:41:48] Process PID 67558 died unexpectedly (code 3)
[11:41:53] Process PID 67558 died unexpectedly (code 3)
[11:41:58] Process PID 67558 died unexpectedly (code 3)
[11:42:03] Process PID 67558 died unexpectedly (code 3)
[11:42:08] Process PID 67558 died unexpectedly (code 3)
[11:42:13] Process PID 67558 died unexpectedly (code 3)
[11:42:18] Process PID 67558 died unexpectedly (code 3)
[11:42:23] Process PID 67558 died unexpectedly (code 3)
[11:42:28] Process PID 67558 died unexpectedly (code 3)
[11:42:33] Process PID 67558 died unexpectedly (code 3)
[11:42:38] Process PID 67558 died unexpectedly (code 3)
[11:42:43] Process PID 67558 died unexpectedly (code 3)
[11:42:48] Process PID 67558 died unexpectedly (code 3)
[11:42:53] Process PID 67558 died unexpectedly (code 3)
[11:42:58] Process PID 67558 died unexpectedly (code 3)
[11:43:03] Process PID 67558 died unexpectedly (code 3)
[11:43:08] Process PID 67558 died unexpectedly (code 3)
[11:43:13] Process PID 67558 died unexpectedly (code 3)
[11:43:18] Process PID 67558 died unexpectedly (code 3)
[11:43:23] Process PID 67558 died unexpectedly (code 3)
[11:43:28] Process PID 67558 died unexpectedly (code 3)
[11:43:33] Process PID 67558 died unexpectedly (code 3)
[11:43:38] Process PID 67558 died unexpectedly (code 3)
[11:43:43] Process PID 67558 died unexpectedly (code 3)
[11:43:48] Process PID 67558 died unexpectedly (code 3)
[11:43:53] Process PID 67558 died unexpectedly (code 3)
[11:43:58] Process PID 67558 died unexpectedly (code 3)
[11:44:03] Process PID 67558 died unexpectedly (code 3)
[11:44:08] Process PID 67558 died unexpectedly (code 3)
[11:44:13] Process PID 67558 died unexpectedly (code 3)
[11:44:18] Process PID 67558 died unexpectedly (code 3)
[11:44:23] Process PID 67558 died unexpectedly (code 3)
[11:44:28] Process PID 67558 died unexpectedly (code 3)
[11:44:33] Process PID 67558 died unexpectedly (code 3)
[11:44:38] Process PID 67558 died unexpectedly (code 3)
[11:44:43] Process PID 67558 died unexpectedly (code 3)
[11:44:48] Process PID 67558 died unexpectedly (code 3)
[11:44:53] Process PID 67558 died unexpectedly (code 3)
[11:44:58] Process PID 67558 died unexpectedly (code 3)
[11:45:03] Process PID 67558 died unexpectedly (code 3)
[11:45:08] Process PID 67558 died unexpectedly (code 3)
[11:45:13] Process PID 67558 died unexpectedly (code 3)
[11:45:18] Process PID 67558 died unexpectedly (code 3)
[11:45:23] Process PID 67558 died unexpectedly (code 3)
[11:45:28] Process PID 67558 died unexpectedly (code 3)
[11:45:33] Process PID 67558 died unexpectedly (code 3)
[11:45:38] Process PID 67558 died unexpectedly (code 3)
[11:45:43] Process PID 67558 died unexpectedly (code 3)
[11:45:48] Process PID 67558 died unexpectedly (code 3)
[11:45:53] Process PID 67558 died unexpectedly (code 3)
[11:45:58] Process PID 67558 died unexpectedly (code 3)
[11:46:03] Process PID 67558 died unexpectedly (code 3)
[11:46:08] Process PID 67558 died unexpectedly (code 3)
[11:46:13] Process PID 67558 died unexpectedly (code 3)
[11:46:18] Process PID 67558 died unexpectedly (code 3)
[11:46:23] Process PID 67558 died unexpectedly (code 3)
[11:46:28] Process PID 67558 died unexpectedly (code 3)
[11:46:33] Process PID 67558 died unexpectedly (code 3)
[11:46:38] Process PID 67558 died unexpectedly (code 3)
[11:46:43] Process PID 67558 died unexpectedly (code 3)
[11:46:48] Process PID 67558 died unexpectedly (code 3)
[11:46:53] Process PID 67558 died unexpectedly (code 3)
[11:46:58] Process PID 67558 died unexpectedly (code 3)
[11:47:03] Process PID 67558 died unexpectedly (code 3)
[11:47:08] Process PID 67558 died unexpectedly (code 3)
[11:47:13] Process PID 67558 died unexpectedly (code 3)
[11:47:18] Process PID 67558 died unexpectedly (code 3)
[11:47:23] Process PID 67558 died unexpectedly (code 3)
[11:47:28] Process PID 67558 died unexpectedly (code 3)
[11:47:33] Process PID 67558 died unexpectedly (code 3)
[11:47:38] Process PID 67558 died unexpectedly (code 3)
[11:47:43] Process PID 67558 died unexpectedly (code 3)
[11:47:48] Process PID 67558 died unexpectedly (code 3)
[11:47:53] Process PID 67558 died unexpectedly (code 3)
[11:47:58] Process PID 67558 died unexpectedly (code 3)
[11:48:03] Process PID 67558 died unexpectedly (code 3)
[11:48:08] Process PID 67558 died unexpectedly (code 3)
[11:48:13] Process PID 67558 died unexpectedly (code 3)
[11:48:18] Process PID 67558 died unexpectedly (code 3)
[11:48:23] Process PID 67558 died unexpectedly (code 3)
[11:48:28] Process PID 67558 died unexpectedly (code 3)
[11:48:33] Process PID 67558 died unexpectedly (code 3)
[11:48:38] Process PID 67558 died unexpectedly (code 3)
[11:48:43] Process PID 67558 died unexpectedly (code 3)
[11:48:48] Process PID 67558 died unexpectedly (code 3)
[11:48:53] Process PID 67558 died unexpectedly (code 3)
[11:48:58] Process PID 67558 died unexpectedly (code 3)
[11:49:03] Process PID 67558 died unexpectedly (code 3)
[11:49:08] Process PID 67558 died unexpectedly (code 3)
[11:49:13] Process PID 67558 died unexpectedly (code 3)
[11:49:18] Process PID 67558 died unexpectedly (code 3)
[11:49:23] Process PID 67558 died unexpectedly (code 3)
[11:49:28] Process PID 67558 died unexpectedly (code 3)
[11:49:33] Process PID 67558 died unexpectedly (code 3)
[11:49:38] Process PID 67558 died unexpectedly (code 3)
[11:49:43] Process PID 67558 died unexpectedly (code 3)
[11:49:49] Process PID 67558 died unexpectedly (code 3)
[11:49:54] Process PID 67558 died unexpectedly (code 3)
[11:49:59] Process PID 67558 died unexpectedly (code 3)
[11:50:04] Process PID 67558 died unexpectedly (code 3)
[11:50:09] Process PID 67558 died unexpectedly (code 3)
[11:50:14] Process PID 67558 died unexpectedly (code 3)
[11:50:19] Process PID 67558 died unexpectedly (code 3)
[11:50:24] Process PID 67558 died unexpectedly (code 3)
[11:50:29] Process PID 67558 died unexpectedly (code 3)
[11:50:34] Process PID 67558 died unexpectedly (code 3)
[11:50:39] Process PID 67558 died unexpectedly (code 3)
[11:50:44] Process PID 67558 died unexpectedly (code 3)
[11:50:49] Process PID 67558 died unexpectedly (code 3)
[11:50:54] Process PID 67558 died unexpectedly (code 3)
[11:50:59] Process PID 67558 died unexpectedly (code 3)
[11:51:04] Process PID 67558 died unexpectedly (code 3)
[11:51:09] Process PID 67558 died unexpectedly (code 3)
[11:51:14] Process PID 67558 died unexpectedly (code 3)
[11:51:19] Process PID 67558 died unexpectedly (code 3)
[11:51:24] Process PID 67558 died unexpectedly (code 3)
[11:51:29] Process PID 67558 died unexpectedly (code 3)
[11:51:34] Process PID 67558 died unexpectedly (code 3)
[11:51:39] Process PID 67558 died unexpectedly (code 3)
[11:51:44] Process PID 67558 died unexpectedly (code 3)
[11:51:49] Process PID 67558 died unexpectedly (code 3)
[11:51:54] Process PID 67558 died unexpectedly (code 3)
[11:51:59] Process PID 67558 died unexpectedly (code 3)
[11:52:04] Process PID 67558 died unexpectedly (code 3)
[11:52:09] Process PID 67558 died unexpectedly (code 3)
[11:52:14] Process PID 67558 died unexpectedly (code 3)
[11:52:19] Process PID 67558 died unexpectedly (code 3)
[11:52:24] Process PID 67558 died unexpectedly (code 3)
[11:52:29] Process PID 67558 died unexpectedly (code 3)
[11:52:34] Process PID 67558 died unexpectedly (code 3)
[11:52:39] Process PID 67558 died unexpectedly (code 3)
[11:52:44] Process PID 67558 died unexpectedly (code 3)
[11:52:49] Process PID 67558 died unexpectedly (code 3)
[11:52:54] Process PID 67558 died unexpectedly (code 3)
[11:52:59] Process PID 67558 died unexpectedly (code 3)
[11:53:04] Process PID 67558 died unexpectedly (code 3)
[11:53:09] Process PID 67558 died unexpectedly (code 3)
[11:53:14] Process PID 67558 died unexpectedly (code 3)
[11:53:19] Process PID 67558 died unexpectedly (code 3)
[11:53:24] Process PID 67558 died unexpectedly (code 3)
[11:53:29] Process PID 67558 died unexpectedly (code 3)
[11:53:34] Process PID 67558 died unexpectedly (code 3)
[11:53:39] Process PID 67558 died unexpectedly (code 3)
[11:53:44] Process PID 67558 died unexpectedly (code 3)
[11:53:49] Process PID 67558 died unexpectedly (code 3)
[11:53:54] Process PID 67558 died unexpectedly (code 3)
[11:53:59] Process PID 67558 died unexpectedly (code 3)
[11:54:04] Process PID 67558 died unexpectedly (code 3)
[11:54:09] Process PID 67558 died unexpectedly (code 3)
[11:54:14] Process PID 67558 died unexpectedly (code 3)
[11:54:19] Process PID 67558 died unexpectedly (code 3)
[11:54:24] Process PID 67558 died unexpectedly (code 3)
[11:54:29] Process PID 67558 died unexpectedly (code 3)
[11:54:34] Process PID 67558 died unexpectedly (code 3)
[11:54:39] Process PID 67558 died unexpectedly (code 3)
[11:54:44] Process PID 67558 died unexpectedly (code 3)
[11:54:49] Process PID 67558 died unexpectedly (code 3)
[11:54:54] Process PID 67558 died unexpectedly (code 3)
[11:54:59] Process PID 67558 died unexpectedly (code 3)
[11:55:04] Process PID 67558 died unexpectedly (code 3)
[11:55:09] Process PID 67558 died unexpectedly (code 3)
[11:55:14] Process PID 67558 died unexpectedly (code 3)
[11:55:19] Process PID 67558 died unexpectedly (code 3)
[11:55:24] Process PID 67558 died unexpectedly (code 3)
[11:55:29] Process PID 67558 died unexpectedly (code 3)
[11:55:34] Process PID 67558 died unexpectedly (code 3)
[11:55:39] Process PID 67558 died unexpectedly (code 3)
[11:55:44] Process PID 67558 died unexpectedly (code 3)
[11:55:49] Process PID 67558 died unexpectedly (code 3)
[11:55:54] Process PID 67558 died unexpectedly (code 3)
[11:55:59] Process PID 67558 died unexpectedly (code 3)
[11:56:04] Process PID 67558 died unexpectedly (code 3)
[11:56:09] Process PID 67558 died unexpectedly (code 3)
[11:56:14] Process PID 67558 died unexpectedly (code 3)
[11:56:19] Process PID 67558 died unexpectedly (code 3)
[11:56:24] Process PID 67558 died unexpectedly (code 3)
[11:56:29] Process PID 67558 died unexpectedly (code 3)
[11:56:34] Process PID 67558 died unexpectedly (code 3)
[11:56:39] Process PID 67558 died unexpectedly (code 3)
[11:56:44] Process PID 67558 died unexpectedly (code 3)
[11:56:49] Process PID 67558 died unexpectedly (code 3)
[11:56:54] Process PID 67558 died unexpectedly (code 3)
[11:56:59] Process PID 67558 died unexpectedly (code 3)
[11:57:04] Process PID 67558 died unexpectedly (code 3)
[11:57:09] Process PID 67558 died unexpectedly (code 3)
[11:57:14] Process PID 67558 died unexpectedly (code 3)
[11:57:19] Process PID 67558 died unexpectedly (code 3)
[11:57:24] Process PID 67558 died unexpectedly (code 3)
[11:57:29] Process PID 67558 died unexpectedly (code 3)
[11:57:34] Process PID 67558 died unexpectedly (code 3)
[11:57:39] Process PID 67558 died unexpectedly (code 3)
[11:57:44] Process PID 67558 died unexpectedly (code 3)
[11:57:49] Process PID 67558 died unexpectedly (code 3)
[11:57:54] Process PID 67558 died unexpectedly (code 3)
[11:57:59] Process PID 67558 died unexpectedly (code 3)
[11:58:04] Process PID 67558 died unexpectedly (code 3)
[11:58:09] Process PID 67558 died unexpectedly (code 3)
[11:58:14] Process PID 67558 died unexpectedly (code 3)
[11:58:19] Process PID 67558 died unexpectedly (code 3)
[11:58:24] Process PID 67558 died unexpectedly (code 3)
[11:58:29] Process PID 67558 died unexpectedly (code 3)
[11:58:34] Process PID 67558 died unexpectedly (code 3)
[11:58:39] Process PID 67558 died unexpectedly (code 3)
[11:58:44] Process PID 67558 died unexpectedly (code 3)
[11:58:49] Process PID 67558 died unexpectedly (code 3)
[11:58:54] Process PID 67558 died unexpectedly (code 3)
[11:58:59] Process PID 67558 died unexpectedly (code 3)
[11:59:04] Process PID 67558 died unexpectedly (code 3)
[11:59:09] Process PID 67558 died unexpectedly (code 3)
[11:59:14] Process PID 67558 died unexpectedly (code 3)
[11:59:19] Process PID 67558 died unexpectedly (code 3)
[11:59:24] Process PID 67558 died unexpectedly (code 3)
[11:59:29] Process PID 67558 died unexpectedly (code 3)
[11:59:34] Process PID 67558 died unexpectedly (code 3)
[11:59:39] Process PID 67558 died unexpectedly (code 3)
[11:59:44] Process PID 67558 died unexpectedly (code 3)
[11:59:49] Process PID 67558 died unexpectedly (code 3)
[11:59:54] Process PID 67558 died unexpectedly (code 3)
[11:59:59] Process PID 67558 died unexpectedly (code 3)
[12:00:04] Process PID 67558 died unexpectedly (code 3)
[12:00:09] Process PID 67558 died unexpectedly (code 3)
[12:00:14] Process PID 67558 died unexpectedly (code 3)
[12:00:19] Process PID 67558 died unexpectedly (code 3)
[12:00:24] Process PID 67558 died unexpectedly (code 3)
[12:00:29] Process PID 67558 died unexpectedly (code 3)
[12:00:34] Process PID 67558 died unexpectedly (code 3)
[12:00:39] Process PID 67558 died unexpectedly (code 3)
[12:00:44] Process PID 67558 died unexpectedly (code 3)
[12:00:49] Process PID 67558 died unexpectedly (code 3)
[12:00:54] Process PID 67558 died unexpectedly (code 3)
[12:00:59] Process PID 67558 died unexpectedly (code 3)
[12:01:04] Process PID 67558 died unexpectedly (code 3)
[12:01:09] Process PID 67558 died unexpectedly (code 3)
[12:01:14] Process PID 67558 died unexpectedly (code 3)
[12:01:19] Process PID 67558 died unexpectedly (code 3)
[12:01:24] Process PID 67558 died unexpectedly (code 3)
[12:01:29] Process PID 67558 died unexpectedly (code 3)
[12:01:34] Process PID 67558 died unexpectedly (code 3)
[12:01:39] Process PID 67558 died unexpectedly (code 3)
[12:01:44] Process PID 67558 died unexpectedly (code 3)
[12:01:49] Process PID 67558 died unexpectedly (code 3)
[12:01:54] Process PID 67558 died unexpectedly (code 3)
[12:01:59] Process PID 67558 died unexpectedly (code 3)
[12:02:04] Process PID 67558 died unexpectedly (code 3)
[12:02:09] Process PID 67558 died unexpectedly (code 3)
[12:02:14] Process PID 67558 died unexpectedly (code 3)
[12:02:19] Process PID 67558 died unexpectedly (code 3)
[12:02:24] Process PID 67558 died unexpectedly (code 3)
[12:02:29] Process PID 67558 died unexpectedly (code 3)
[12:02:34] Process PID 67558 died unexpectedly (code 3)
[12:02:39] Process PID 67558 died unexpectedly (code 3)
[12:02:44] Process PID 67558 died unexpectedly (code 3)
[12:02:49] Process PID 67558 died unexpectedly (code 3)
[12:02:54] Process PID 67558 died unexpectedly (code 3)
[12:03:00] Process PID 67558 died unexpectedly (code 3)
[12:03:05] Process PID 67558 died unexpectedly (code 3)
[12:03:10] Process PID 67558 died unexpectedly (code 3)
[12:03:15] Process PID 67558 died unexpectedly (code 3)
[12:03:20] Process PID 67558 died unexpectedly (code 3)
[12:03:25] Process PID 67558 died unexpectedly (code 3)
[12:03:30] Process PID 67558 died unexpectedly (code 3)
[12:03:35] Process PID 67558 died unexpectedly (code 3)
[12:03:40] Process PID 67558 died unexpectedly (code 3)
[12:03:45] Process PID 67558 died unexpectedly (code 3)
[12:03:50] Process PID 67558 died unexpectedly (code 3)
[12:03:55] Process PID 67558 died unexpectedly (code 3)
[12:04:00] Process PID 67558 died unexpectedly (code 3)
[12:04:05] Process PID 67558 died unexpectedly (code 3)
[12:04:10] Process PID 67558 died unexpectedly (code 3)
[12:04:15] Process PID 67558 died unexpectedly (code 3)
[12:04:20] Process PID 67558 died unexpectedly (code 3)
[12:04:25] Process PID 67558 died unexpectedly (code 3)
[12:04:30] Process PID 67558 died unexpectedly (code 3)
[12:04:35] Process PID 67558 died unexpectedly (code 3)
[12:04:40] Process PID 67558 died unexpectedly (code 3)
[12:19:43] Process PID 67558 died unexpectedly (code 3)
[12:19:48] Process PID 67558 died unexpectedly (code 3)
[12:19:53] Process PID 67558 died unexpectedly (code 3)
[12:19:58] Process PID 67558 died unexpectedly (code 3)
[12:20:03] Process PID 67558 died unexpectedly (code 3)
[12:20:08] Process PID 67558 died unexpectedly (code 3)
[12:20:13] Process PID 67558 died unexpectedly (code 3)
[12:20:18] Process PID 67558 died unexpectedly (code 3)
[12:20:23] Process PID 67558 died unexpectedly (code 3)
[12:20:28] Process PID 67558 died unexpectedly (code 3)
[12:20:33] Process PID 67558 died unexpectedly (code 3)
[12:20:38] Process PID 67558 died unexpectedly (code 3)
[12:20:43] Process PID 67558 died unexpectedly (code 3)
[12:20:48] Process PID 67558 died unexpectedly (code 3)
[12:20:53] Process PID 67558 died unexpectedly (code 3)
[12:20:58] Process PID 67558 died unexpectedly (code 3)
[12:21:03] Process PID 67558 died unexpectedly (code 3)
[12:21:08] Process PID 67558 died unexpectedly (code 3)
[12:21:13] Process PID 67558 died unexpectedly (code 3)
[12:21:18] Process PID 67558 died unexpectedly (code 3)
[12:21:23] Process PID 67558 died unexpectedly (code 3)
[12:21:28] Process PID 67558 died unexpectedly (code 3)
[12:21:33] Process PID 67558 died unexpectedly (code 3)
[12:21:38] Process PID 67558 died unexpectedly (code 3)
[12:21:43] Process PID 67558 died unexpectedly (code 3)
[12:21:48] Process PID 67558 died unexpectedly (code 3)
[12:21:53] Process PID 67558 died unexpectedly (code 3)
[12:21:58] Process PID 67558 died unexpectedly (code 3)
[12:22:03] Process PID 67558 died unexpectedly (code 3)
[12:22:08] Process PID 67558 died unexpectedly (code 3)
[12:22:13] Process PID 67558 died unexpectedly (code 3)
[12:22:18] Process PID 67558 died unexpectedly (code 3)
[12:22:23] Process PID 67558 died unexpectedly (code 3)
[12:22:28] Process PID 67558 died unexpectedly (code 3)
[12:22:33] Process PID 67558 died unexpectedly (code 3)
[12:22:38] Process PID 67558 died unexpectedly (code 3)
[12:37:41] Process PID 67558 died unexpectedly (code 3)
[12:37:46] Process PID 67558 died unexpectedly (code 3)
[12:37:51] Process PID 67558 died unexpectedly (code 3)
[12:37:56] Process PID 67558 died unexpectedly (code 3)
[12:38:01] Process PID 67558 died unexpectedly (code 3)
[12:38:06] Process PID 67558 died unexpectedly (code 3)
[12:38:11] Process PID 67558 died unexpectedly (code 3)
[12:38:16] Process PID 67558 died unexpectedly (code 3)
[12:38:21] Process PID 67558 died unexpectedly (code 3)
[12:38:26] Process PID 67558 died unexpectedly (code 3)
[12:38:31] Process PID 67558 died unexpectedly (code 3)
[12:38:36] Process PID 67558 died unexpectedly (code 3)
[12:38:41] Process PID 67558 died unexpectedly (code 3)
[12:38:46] Process PID 67558 died unexpectedly (code 3)
[12:38:51] Process PID 67558 died unexpectedly (code 3)
[12:38:56] Process PID 67558 died unexpectedly (code 3)
[12:39:01] Process PID 67558 died unexpectedly (code 3)
[12:39:06] Process PID 67558 died unexpectedly (code 3)
[12:39:11] Process PID 67558 died unexpectedly (code 3)
[12:39:16] Process PID 67558 died unexpectedly (code 3)
[12:39:21] Process PID 67558 died unexpectedly (code 3)
[12:39:26] Process PID 67558 died unexpectedly (code 3)
[12:39:31] Process PID 67558 died unexpectedly (code 3)
[12:39:36] Process PID 67558 died unexpectedly (code 3)
[12:39:41] Process PID 67558 died unexpectedly (code 3)
[12:39:46] Process PID 67558 died unexpectedly (code 3)
[12:39:51] Process PID 67558 died unexpectedly (code 3)
[12:39:56] Process PID 67558 died unexpectedly (code 3)
[12:40:01] Process PID 67558 died unexpectedly (code 3)
[12:40:06] Process PID 67558 died unexpectedly (code 3)
[12:40:11] Process PID 67558 died unexpectedly (code 3)
[12:40:16] Process PID 67558 died unexpectedly (code 3)
[12:40:21] Process PID 67558 died unexpectedly (code 3)
[12:40:26] Process PID 67558 died unexpectedly (code 3)
[12:40:31] Process PID 67558 died unexpectedly (code 3)
[12:40:36] Process PID 67558 died unexpectedly (code 3)
[12:40:41] Process PID 67558 died unexpectedly (code 3)
[12:40:46] Process PID 67558 died unexpectedly (code 3)
[12:40:51] Process PID 67558 died unexpectedly (code 3)
[12:40:56] Process PID 67558 died unexpectedly (code 3)
[12:41:01] Process PID 67558 died unexpectedly (code 3)
[12:41:06] Process PID 67558 died unexpectedly (code 3)
[12:41:11] Process PID 67558 died unexpectedly (code 3)
[12:41:16] Process PID 67558 died unexpectedly (code 3)
[12:41:21] Process PID 67558 died unexpectedly (code 3)
[12:41:26] Process PID 67558 died unexpectedly (code 3)
[12:41:31] Process PID 67558 died unexpectedly (code 3)
[12:41:36] Process PID 67558 died unexpectedly (code 3)
[12:41:41] Process PID 67558 died unexpectedly (code 3)
[12:41:46] Process PID 67558 died unexpectedly (code 3)
[12:41:51] Process PID 67558 died unexpectedly (code 3)
[12:41:56] Process PID 67558 died unexpectedly (code 3)
[12:42:01] Process PID 67558 died unexpectedly (code 3)
[12:42:06] Process PID 67558 died unexpectedly (code 3)
[12:42:11] Process PID 67558 died unexpectedly (code 3)
[12:42:16] Process PID 67558 died unexpectedly (code 3)
[12:42:21] Process PID 67558 died unexpectedly (code 3)
[12:42:26] Process PID 67558 died unexpectedly (code 3)
[12:42:31] Process PID 67558 died unexpectedly (code 3)
[12:42:36] Process PID 67558 died unexpectedly (code 3)
[12:42:41] Process PID 67558 died unexpectedly (code 3)
[12:42:46] Process PID 67558 died unexpectedly (code 3)
[12:42:51] Process PID 67558 died unexpectedly (code 3)
[12:42:56] Process PID 67558 died unexpectedly (code 3)
[12:43:01] Process PID 67558 died unexpectedly (code 3)
[12:43:06] Process PID 67558 died unexpectedly (code 3)
[12:43:11] Process PID 67558 died unexpectedly (code 3)
[12:43:16] Process PID 67558 died unexpectedly (code 3)
[12:43:21] Process PID 67558 died unexpectedly (code 3)
[12:43:26] Process PID 67558 died unexpectedly (code 3)
[12:43:31] Process PID 67558 died unexpectedly (code 3)
[12:43:36] Process PID 67558 died unexpectedly (code 3)
[12:43:41] Process PID 67558 died unexpectedly (code 3)
[12:43:46] Process PID 67558 died unexpectedly (code 3)
[12:43:51] Process PID 67558 died unexpectedly (code 3)
[12:43:56] Process PID 67558 died unexpectedly (code 3)
[12:44:01] Process PID 67558 died unexpectedly (code 3)
[12:44:06] Process PID 67558 died unexpectedly (code 3)
[12:44:11] Process PID 67558 died unexpectedly (code 3)
[12:44:16] Process PID 67558 died unexpectedly (code 3)
[12:44:21] Process PID 67558 died unexpectedly (code 3)
[12:44:26] Process PID 67558 died unexpectedly (code 3)
[12:44:31] Process PID 67558 died unexpectedly (code 3)
[12:44:36] Process PID 67558 died unexpectedly (code 3)
[12:44:41] Process PID 67558 died unexpectedly (code 3)
[12:44:46] Process PID 67558 died unexpectedly (code 3)
[12:44:51] Process PID 67558 died unexpectedly (code 3)
[12:44:56] Process PID 67558 died unexpectedly (code 3)
[12:45:01] Process PID 67558 died unexpectedly (code 3)
[12:45:06] Process PID 67558 died unexpectedly (code 3)
[12:45:11] Process PID 67558 died unexpectedly (code 3)
[12:45:16] Process PID 67558 died unexpectedly (code 3)
[12:45:21] Process PID 67558 died unexpectedly (code 3)
[12:45:26] Process PID 67558 died unexpectedly (code 3)
[12:45:31] Process PID 67558 died unexpectedly (code 3)
[12:45:36] Process PID 67558 died unexpectedly (code 3)
[12:45:41] Process PID 67558 died unexpectedly (code 3)
[12:45:46] Process PID 67558 died unexpectedly (code 3)
[12:45:51] Process PID 67558 died unexpectedly (code 3)
[12:45:56] Process PID 67558 died unexpectedly (code 3)
[12:46:01] Process PID 67558 died unexpectedly (code 3)
[12:46:06] Process PID 67558 died unexpectedly (code 3)
[12:46:11] Process PID 67558 died unexpectedly (code 3)
[12:46:16] Process PID 67558 died unexpectedly (code 3)
[12:46:21] Process PID 67558 died unexpectedly (code 3)
[12:46:26] Process PID 67558 died unexpectedly (code 3)
[12:46:31] Process PID 67558 died unexpectedly (code 3)
[12:46:36] Process PID 67558 died unexpectedly (code 3)
[12:46:42] Process PID 67558 died unexpectedly (code 3)
[12:46:47] Process PID 67558 died unexpectedly (code 3)
[12:46:52] Process PID 67558 died unexpectedly (code 3)
[12:46:57] Process PID 67558 died unexpectedly (code 3)
[12:47:02] Process PID 67558 died unexpectedly (code 3)
[12:47:07] Process PID 67558 died unexpectedly (code 3)
[12:47:12] Process PID 67558 died unexpectedly (code 3)
[12:47:17] Process PID 67558 died unexpectedly (code 3)
[12:47:22] Process PID 67558 died unexpectedly (code 3)
[12:47:27] Process PID 67558 died unexpectedly (code 3)
[12:47:32] Process PID 67558 died unexpectedly (code 3)
[12:47:37] Process PID 67558 died unexpectedly (code 3)
[12:47:42] Process PID 67558 died unexpectedly (code 3)
[12:47:47] Process PID 67558 died unexpectedly (code 3)
[12:47:52] Process PID 67558 died unexpectedly (code 3)
[12:47:57] Process PID 67558 died unexpectedly (code 3)
[12:48:02] Process PID 67558 died unexpectedly (code 3)
[12:48:07] Process PID 67558 died unexpectedly (code 3)
[12:48:12] Process PID 67558 died unexpectedly (code 3)
[12:48:17] Process PID 67558 died unexpectedly (code 3)
[12:48:22] Process PID 67558 died unexpectedly (code 3)
[12:48:27] Process PID 67558 died unexpectedly (code 3)
[12:48:32] Process PID 67558 died unexpectedly (code 3)
[12:48:37] Process PID 67558 died unexpectedly (code 3)
[12:48:42] Process PID 67558 died unexpectedly (code 3)
[12:48:47] Process PID 67558 died unexpectedly (code 3)
[12:48:52] Process PID 67558 died unexpectedly (code 3)
[12:48:57] Process PID 67558 died unexpectedly (code 3)
[12:49:02] Process PID 67558 died unexpectedly (code 3)
[12:49:07] Process PID 67558 died unexpectedly (code 3)
[12:49:12] Process PID 67558 died unexpectedly (code 3)
[12:49:17] Process PID 67558 died unexpectedly (code 3)
[12:49:22] Process PID 67558 died unexpectedly (code 3)
[12:49:27] Process PID 67558 died unexpectedly (code 3)
[12:49:32] Process PID 67558 died unexpectedly (code 3)
[12:49:37] Process PID 67558 died unexpectedly (code 3)
[12:49:42] Process PID 67558 died unexpectedly (code 3)
[12:49:47] Process PID 67558 died unexpectedly (code 3)
[12:49:52] Process PID 67558 died unexpectedly (code 3)
[12:49:57] Process PID 67558 died unexpectedly (code 3)
[12:50:02] Process PID 67558 died unexpectedly (code 3)
[12:50:07] Process PID 67558 died unexpectedly (code 3)
[12:50:12] Process PID 67558 died unexpectedly (code 3)
[12:50:17] Process PID 67558 died unexpectedly (code 3)
[12:50:22] Process PID 67558 died unexpectedly (code 3)
[12:50:27] Process PID 67558 died unexpectedly (code 3)
[12:50:32] Process PID 67558 died unexpectedly (code 3)
[12:50:37] Process PID 67558 died unexpectedly (code 3)
[12:50:42] Process PID 67558 died unexpectedly (code 3)
[12:50:47] Process PID 67558 died unexpectedly (code 3)
[12:50:52] Process PID 67558 died unexpectedly (code 3)
[12:50:57] Process PID 67558 died unexpectedly (code 3)
[12:51:02] Process PID 67558 died unexpectedly (code 3)
[12:51:07] Process PID 67558 died unexpectedly (code 3)
[12:51:12] Process PID 67558 died unexpectedly (code 3)
[12:51:17] Process PID 67558 died unexpectedly (code 3)
[12:51:22] Process PID 67558 died unexpectedly (code 3)
[12:51:27] Process PID 67558 died unexpectedly (code 3)
[12:51:32] Process PID 67558 died unexpectedly (code 3)
[12:51:37] Process PID 67558 died unexpectedly (code 3)
[12:51:42] Process PID 67558 died unexpectedly (code 3)
[12:51:47] Process PID 67558 died unexpectedly (code 3)
[12:51:52] Process PID 67558 died unexpectedly (code 3)
[12:51:57] Process PID 67558 died unexpectedly (code 3)
[12:52:02] Process PID 67558 died unexpectedly (code 3)
[12:52:07] Process PID 67558 died unexpectedly (code 3)
[12:52:12] Process PID 67558 died unexpectedly (code 3)
[12:52:17] Process PID 67558 died unexpectedly (code 3)
[12:52:22] Process PID 67558 died unexpectedly (code 3)
[12:52:27] Process PID 67558 died unexpectedly (code 3)
[12:52:32] Process PID 67558 died unexpectedly (code 3)
[12:52:37] Process PID 67558 died unexpectedly (code 3)
[12:52:42] Process PID 67558 died unexpectedly (code 3)
[12:52:47] Process PID 67558 died unexpectedly (code 3)
[12:52:52] Process PID 67558 died unexpectedly (code 3)
[12:52:57] Process PID 67558 died unexpectedly (code 3)
[12:53:02] Process PID 67558 died unexpectedly (code 3)
[12:53:07] Process PID 67558 died unexpectedly (code 3)
[12:53:12] Process PID 67558 died unexpectedly (code 3)
[12:53:17] Process PID 67558 died unexpectedly (code 3)
[12:53:22] Process PID 67558 died unexpectedly (code 3)
[12:53:27] Process PID 67558 died unexpectedly (code 3)
[12:53:32] Process PID 67558 died unexpectedly (code 3)
[12:53:37] Process PID 67558 died unexpectedly (code 3)
[12:53:42] Process PID 67558 died unexpectedly (code 3)
[12:53:47] Process PID 67558 died unexpectedly (code 3)
[12:53:52] Process PID 67558 died unexpectedly (code 3)
[12:53:57] Process PID 67558 died unexpectedly (code 3)
[12:54:02] Process PID 67558 died unexpectedly (code 3)
[12:54:07] Process PID 67558 died unexpectedly (code 3)
[12:54:12] Process PID 67558 died unexpectedly (code 3)
[12:54:17] Process PID 67558 died unexpectedly (code 3)
[12:54:22] Process PID 67558 died unexpectedly (code 3)
[12:54:27] Process PID 67558 died unexpectedly (code 3)
[12:54:32] Process PID 67558 died unexpectedly (code 3)
[12:54:37] Process PID 67558 died unexpectedly (code 3)
[12:54:42] Process PID 67558 died unexpectedly (code 3)
[12:54:47] Process PID 67558 died unexpectedly (code 3)
[12:54:52] Process PID 67558 died unexpectedly (code 3)
[12:54:57] Process PID 67558 died unexpectedly (code 3)
[12:55:02] Process PID 67558 died unexpectedly (code 3)
[12:55:07] Process PID 67558 died unexpectedly (code 3)
[12:55:12] Process PID 67558 died unexpectedly (code 3)
[12:55:17] Process PID 67558 died unexpectedly (code 3)
[12:55:22] Process PID 67558 died unexpectedly (code 3)
[12:55:27] Process PID 67558 died unexpectedly (code 3)
[12:55:32] Process PID 67558 died unexpectedly (code 3)
[12:55:37] Process PID 67558 died unexpectedly (code 3)
[12:55:42] Process PID 67558 died unexpectedly (code 3)
[12:55:47] Process PID 67558 died unexpectedly (code 3)
[12:55:52] Process PID 67558 died unexpectedly (code 3)
[12:55:57] Process PID 67558 died unexpectedly (code 3)
[12:56:02] Process PID 67558 died unexpectedly (code 3)
[12:56:07] Process PID 67558 died unexpectedly (code 3)
[12:56:12] Process PID 67558 died unexpectedly (code 3)
[12:56:17] Process PID 67558 died unexpectedly (code 3)
[12:56:22] Process PID 67558 died unexpectedly (code 3)
[12:56:27] Process PID 67558 died unexpectedly (code 3)
[12:56:32] Process PID 67558 died unexpectedly (code 3)
[12:56:37] Process PID 67558 died unexpectedly (code 3)
[12:56:42] Process PID 67558 died unexpectedly (code 3)
[12:56:47] Process PID 67558 died unexpectedly (code 3)
[12:56:52] Process PID 67558 died unexpectedly (code 3)
[12:56:57] Process PID 67558 died unexpectedly (code 3)
[12:57:02] Process PID 67558 died unexpectedly (code 3)
[12:57:07] Process PID 67558 died unexpectedly (code 3)
[12:57:12] Process PID 67558 died unexpectedly (code 3)
[12:57:17] Process PID 67558 died unexpectedly (code 3)
[12:57:22] Process PID 67558 died unexpectedly (code 3)
[12:57:27] Process PID 67558 died unexpectedly (code 3)
[12:57:32] Process PID 67558 died unexpectedly (code 3)
[12:57:37] Process PID 67558 died unexpectedly (code 3)
[12:57:42] Process PID 67558 died unexpectedly (code 3)
[12:57:47] Process PID 67558 died unexpectedly (code 3)
[12:57:52] Process PID 67558 died unexpectedly (code 3)
[12:57:57] Process PID 67558 died unexpectedly (code 3)
[12:58:02] Process PID 67558 died unexpectedly (code 3)
[12:58:07] Process PID 67558 died unexpectedly (code 3)
[12:58:12] Process PID 67558 died unexpectedly (code 3)
[12:58:17] Process PID 67558 died unexpectedly (code 3)
[12:58:22] Process PID 67558 died unexpectedly (code 3)
[12:58:27] Process PID 67558 died unexpectedly (code 3)
[12:58:32] Process PID 67558 died unexpectedly (code 3)
[12:58:37] Process PID 67558 died unexpectedly (code 3)
[12:58:42] Process PID 67558 died unexpectedly (code 3)
[12:58:47] Process PID 67558 died unexpectedly (code 3)
[12:58:52] Process PID 67558 died unexpectedly (code 3)
[12:58:57] Process PID 67558 died unexpectedly (code 3)
[12:59:02] Process PID 67558 died unexpectedly (code 3)
[12:59:07] Process PID 67558 died unexpectedly (code 3)
[12:59:12] Process PID 67558 died unexpectedly (code 3)
[12:59:17] Process PID 67558 died unexpectedly (code 3)
[12:59:22] Process PID 67558 died unexpectedly (code 3)
[12:59:27] Process PID 67558 died unexpectedly (code 3)
[12:59:32] Process PID 67558 died unexpectedly (code 3)
[12:59:37] Process PID 67558 died unexpectedly (code 3)
[12:59:42] Process PID 67558 died unexpectedly (code 3)
[12:59:47] Process PID 67558 died unexpectedly (code 3)
[12:59:52] Process PID 67558 died unexpectedly (code 3)
[12:59:57] Process PID 67558 died unexpectedly (code 3)
[13:00:02] Process PID 67558 died unexpectedly (code 3)
[13:00:07] Process PID 67558 died unexpectedly (code 3)
[13:00:12] Process PID 67558 died unexpectedly (code 3)
[13:00:17] Process PID 67558 died unexpectedly (code 3)
[13:00:22] Process PID 67558 died unexpectedly (code 3)
[13:00:27] Process PID 67558 died unexpectedly (code 3)
[13:00:32] Process PID 67558 died unexpectedly (code 3)
[13:00:37] Process PID 67558 died unexpectedly (code 3)
[13:00:42] Process PID 67558 died unexpectedly (code 3)
[13:00:47] Process PID 67558 died unexpectedly (code 3)
[13:00:52] Process PID 67558 died unexpectedly (code 3)
[13:00:57] Process PID 67558 died unexpectedly (code 3)
[13:01:02] Process PID 67558 died unexpectedly (code 3)
[13:01:07] Process PID 67558 died unexpectedly (code 3)
[13:01:12] Process PID 67558 died unexpectedly (code 3)
[13:01:17] Process PID 67558 died unexpectedly (code 3)
[13:01:22] Process PID 67558 died unexpectedly (code 3)
[13:01:27] Process PID 67558 died unexpectedly (code 3)
[13:01:32] Process PID 67558 died unexpectedly (code 3)
[13:01:37] Process PID 67558 died unexpectedly (code 3)
[13:01:42] Process PID 67558 died unexpectedly (code 3)
[13:01:47] Process PID 67558 died unexpectedly (code 3)
[13:01:52] Process PID 67558 died unexpectedly (code 3)
[13:01:57] Process PID 67558 died unexpectedly (code 3)
[13:02:02] Process PID 67558 died unexpectedly (code 3)
[13:02:07] Process PID 67558 died unexpectedly (code 3)
[13:02:12] Process PID 67558 died unexpectedly (code 3)
[13:02:17] Process PID 67558 died unexpectedly (code 3)
[13:02:22] Process PID 67558 died unexpectedly (code 3)
[13:02:27] Process PID 67558 died unexpectedly (code 3)
[13:02:32] Process PID 67558 died unexpectedly (code 3)
[13:02:37] Process PID 67558 died unexpectedly (code 3)
[13:02:42] Process PID 67558 died unexpectedly (code 3)
[13:02:47] Process PID 67558 died unexpectedly (code 3)
[13:02:52] Process PID 67558 died unexpectedly (code 3)
[13:02:57] Process PID 67558 died unexpectedly (code 3)
[13:03:02] Process PID 67558 died unexpectedly (code 3)
[13:03:07] Process PID 67558 died unexpectedly (code 3)
[13:03:12] Process PID 67558 died unexpectedly (code 3)
[13:03:17] Process PID 67558 died unexpectedly (code 3)
[13:03:22] Process PID 67558 died unexpectedly (code 3)
[13:03:27] Process PID 67558 died unexpectedly (code 3)
[13:03:32] Process PID 67558 died unexpectedly (code 3)
[13:03:38] Process PID 67558 died unexpectedly (code 3)
[13:03:43] Process PID 67558 died unexpectedly (code 3)
[13:03:48] Process PID 67558 died unexpectedly (code 3)
[13:03:53] Process PID 67558 died unexpectedly (code 3)
[13:03:58] Process PID 67558 died unexpectedly (code 3)
[13:04:03] Process PID 67558 died unexpectedly (code 3)
[13:04:08] Process PID 67558 died unexpectedly (code 3)
[13:04:13] Process PID 67558 died unexpectedly (code 3)
[13:04:18] Process PID 67558 died unexpectedly (code 3)
[13:04:23] Process PID 67558 died unexpectedly (code 3)
[13:04:28] Process PID 67558 died unexpectedly (code 3)
[13:04:33] Process PID 67558 died unexpectedly (code 3)
[13:04:38] Process PID 67558 died unexpectedly (code 3)
[13:04:43] Process PID 67558 died unexpectedly (code 3)
[13:04:48] Process PID 67558 died unexpectedly (code 3)
[13:04:53] Process PID 67558 died unexpectedly (code 3)
[13:04:58] Process PID 67558 died unexpectedly (code 3)
[13:05:03] Process PID 67558 died unexpectedly (code 3)
[13:05:08] Process PID 67558 died unexpectedly (code 3)
[13:05:13] Process PID 67558 died unexpectedly (code 3)
[13:05:18] Process PID 67558 died unexpectedly (code 3)
[13:05:23] Process PID 67558 died unexpectedly (code 3)
[13:05:28] Process PID 67558 died unexpectedly (code 3)
[13:05:33] Process PID 67558 died unexpectedly (code 3)
[13:05:38] Process PID 67558 died unexpectedly (code 3)
[13:05:43] Process PID 67558 died unexpectedly (code 3)
[13:05:48] Process PID 67558 died unexpectedly (code 3)
[13:05:53] Process PID 67558 died unexpectedly (code 3)
[13:05:58] Process PID 67558 died unexpectedly (code 3)
[13:06:03] Process PID 67558 died unexpectedly (code 3)
[13:06:08] Process PID 67558 died unexpectedly (code 3)
[13:06:13] Process PID 67558 died unexpectedly (code 3)
[13:06:18] Process PID 67558 died unexpectedly (code 3)
[13:06:23] Process PID 67558 died unexpectedly (code 3)
[13:06:28] Process PID 67558 died unexpectedly (code 3)
[13:06:33] Process PID 67558 died unexpectedly (code 3)
[13:06:38] Process PID 67558 died unexpectedly (code 3)
[13:06:43] Process PID 67558 died unexpectedly (code 3)
[13:06:48] Process PID 67558 died unexpectedly (code 3)
[13:06:53] Process PID 67558 died unexpectedly (code 3)
[13:06:58] Process PID 67558 died unexpectedly (code 3)
[13:07:03] Process PID 67558 died unexpectedly (code 3)
[13:07:08] Process PID 67558 died unexpectedly (code 3)
[13:07:13] Process PID 67558 died unexpectedly (code 3)
[13:07:18] Process PID 67558 died unexpectedly (code 3)
[13:07:23] Process PID 67558 died unexpectedly (code 3)
[13:07:28] Process PID 67558 died unexpectedly (code 3)
[13:07:33] Process PID 67558 died unexpectedly (code 3)
[13:07:38] Process PID 67558 died unexpectedly (code 3)
[13:07:43] Process PID 67558 died unexpectedly (code 3)
[13:07:48] Process PID 67558 died unexpectedly (code 3)
[13:07:53] Process PID 67558 died unexpectedly (code 3)
[13:07:58] Process PID 67558 died unexpectedly (code 3)
[13:08:03] Process PID 67558 died unexpectedly (code 3)
[13:08:08] Process PID 67558 died unexpectedly (code 3)
[13:08:13] Process PID 67558 died unexpectedly (code 3)
[13:08:18] Process PID 67558 died unexpectedly (code 3)
[13:08:23] Process PID 67558 died unexpectedly (code 3)
[13:08:28] Process PID 67558 died unexpectedly (code 3)
[13:08:33] Process PID 67558 died unexpectedly (code 3)
[13:08:38] Process PID 67558 died unexpectedly (code 3)
[13:08:43] Process PID 67558 died unexpectedly (code 3)
[13:08:48] Process PID 67558 died unexpectedly (code 3)
[13:08:53] Process PID 67558 died unexpectedly (code 3)
[13:08:58] Process PID 67558 died unexpectedly (code 3)
[13:09:03] Process PID 67558 died unexpectedly (code 3)
[13:09:08] Process PID 67558 died unexpectedly (code 3)
[13:09:13] Process PID 67558 died unexpectedly (code 3)
[13:09:18] Process PID 67558 died unexpectedly (code 3)
[13:09:23] Process PID 67558 died unexpectedly (code 3)
[13:09:28] Process PID 67558 died unexpectedly (code 3)
[13:09:33] Process PID 67558 died unexpectedly (code 3)
[13:09:38] Process PID 67558 died unexpectedly (code 3)
[13:09:43] Process PID 67558 died unexpectedly (code 3)
[13:09:48] Process PID 67558 died unexpectedly (code 3)
[13:09:53] Process PID 67558 died unexpectedly (code 3)
[13:09:58] Process PID 67558 died unexpectedly (code 3)
[13:10:03] Process PID 67558 died unexpectedly (code 3)
[13:10:08] Process PID 67558 died unexpectedly (code 3)
[13:10:13] Process PID 67558 died unexpectedly (code 3)
[13:10:18] Process PID 67558 died unexpectedly (code 3)
[13:10:23] Process PID 67558 died unexpectedly (code 3)
[13:10:28] Process PID 67558 died unexpectedly (code 3)
[13:10:33] Process PID 67558 died unexpectedly (code 3)
[13:10:38] Process PID 67558 died unexpectedly (code 3)
[13:10:42] Shutdown initiated
[13:10:43] Shutdown complete
